SCREEN[0] frame=(0.0, 0.0, 1728.0, 1117.0) visible=(0.0, 0.0, 1728.0, 1084.0) scale=2.0
SCREEN[1] frame=(-108.0, 1117.0, 1920.0, 1080.0) visible=(-108.0, 1117.0, 1920.0, 1050.0) scale=1.0
# écran AppKit (-108.00,1117.00 1920.00x1080.00)  CG (-108.00,-1080.00 1920.00x1080.00)  visible (-108.00,1117.00 1920.00x1050.00)  scale 1.0
# réserve basse (Dock) = visibleFrame.minY - frame.minY = 0.00 pt
# source d'origine : com.apple.keylayout.French
K-bas-60	font=13.0	caretCG=(851.20,-76.00 0.00x16.00)	hud=(809.00,-83.00 84.00x77.00)	caps=(836.50,-55.50 29.00x22.00)	capsW=29.00	dxCenter=-0.20	dxLeft=-0.20	dyTop_caretBottom=4.50	dyBottom_caretTop=42.50	PLACEMENT_RATE=0.80,0.00
K-bas-50	font=13.0	caretCG=(851.20,-66.00 0.00x16.00)	hud=(809.00,-73.00 84.00x77.00)	caps=(836.50,-45.50 29.00x22.00)	capsW=29.00	dxCenter=-0.20	dxLeft=-0.20	dyTop_caretBottom=4.50	dyBottom_caretTop=42.50	PLACEMENT_RATE=0.80,0.00
K-bas-44	font=13.0	caretCG=(851.20,-60.00 0.00x16.00)	hud=(809.00,-67.00 84.00x77.00)	caps=(836.50,-39.50 29.00x22.00)	capsW=29.00	dxCenter=-0.20	dxLeft=-0.20	dyTop_caretBottom=4.50	dyBottom_caretTop=42.50	PLACEMENT_RATE=0.80,0.00
K-bas-42	font=13.0	caretCG=(851.20,-58.00 0.00x16.00)	hud=(809.00,-65.00 84.00x77.00)	caps=(836.50,-37.50 29.00x22.00)	capsW=29.00	dxCenter=-0.20	dxLeft=-0.20	dyTop_caretBottom=4.50	dyBottom_caretTop=42.50	PLACEMENT_RATE=0.80,0.00
K-bas-40	font=13.0	caretCG=(851.20,-56.00 0.00x16.00)	hud=(809.00,-63.00 84.00x77.00)	caps=(836.50,-35.50 29.00x22.00)	capsW=29.00	dxCenter=-0.20	dxLeft=-0.20	dyTop_caretBottom=4.50	dyBottom_caretTop=42.50	PLACEMENT_RATE=0.80,0.00
K-bas-38	font=13.0	caretCG=(851.20,-54.00 0.00x16.00)	hud=(809.00,-61.00 84.00x77.00)	caps=(836.50,-33.50 29.00x22.00)	capsW=29.00	dxCenter=-0.20	dxLeft=-0.20	dyTop_caretBottom=4.50	dyBottom_caretTop=42.50	PLACEMENT_RATE=0.80,0.00
K-bas-36	font=13.0	caretCG=(851.20,-52.00 0.00x16.00)	hud=(809.00,-59.00 84.00x77.00)	caps=(836.50,-31.50 29.00x22.00)	capsW=29.00	dxCenter=-0.20	dxLeft=-0.20	dyTop_caretBottom=4.50	dyBottom_caretTop=42.50	PLACEMENT_RATE=0.80,0.00
K-bas-35	font=13.0	caretCG=(851.20,-51.00 0.00x16.00)	hud=(809.00,-58.00 84.00x77.00)	caps=(836.50,-30.50 29.00x22.00)	capsW=29.00	dxCenter=-0.20	dxLeft=-0.20	dyTop_caretBottom=4.50	dyBottom_caretTop=42.50	PLACEMENT_RATE=0.80,0.00
K-bas-34	font=13.0	caretCG=(851.20,-50.00 0.00x16.00)	hud=(809.00,-57.00 84.00x77.00)	caps=(836.50,-29.50 29.00x22.00)	capsW=29.00	dxCenter=-0.20	dxLeft=-0.20	dyTop_caretBottom=4.50	dyBottom_caretTop=42.50	PLACEMENT_RATE=0.80,0.00
K-bas-33	font=13.0	caretCG=(851.20,-49.00 0.00x16.00)	hud=(809.00,-56.00 84.00x77.00)	caps=(836.50,-28.50 29.00x22.00)	capsW=29.00	dxCenter=-0.20	dxLeft=-0.20	dyTop_caretBottom=4.50	dyBottom_caretTop=42.50	PLACEMENT_RATE=0.80,0.00
K-bas-32	font=13.0	caretCG=(851.20,-48.00 0.00x16.00)	hud=(809.00,-55.00 84.00x77.00)	caps=(836.50,-27.50 29.00x22.00)	capsW=29.00	dxCenter=-0.20	dxLeft=-0.20	dyTop_caretBottom=4.50	dyBottom_caretTop=42.50	PLACEMENT_RATE=0.80,0.00
K-bas-31	font=13.0	caretCG=(851.20,-47.00 0.00x16.00)	hud=(809.00,-54.00 84.00x77.00)	caps=(836.50,-26.50 29.00x22.00)	capsW=29.00	dxCenter=-0.20	dxLeft=-0.20	dyTop_caretBottom=4.50	dyBottom_caretTop=42.50	PLACEMENT_RATE=0.80,0.00
K-bas-30	font=13.0	caretCG=(851.20,-46.00 0.00x16.00)	hud=(809.00,-53.00 84.00x77.00)	caps=(836.50,-25.50 29.00x22.00)	capsW=29.00	dxCenter=-0.20	dxLeft=-0.20	dyTop_caretBottom=4.50	dyBottom_caretTop=42.50	PLACEMENT_RATE=0.80,0.00
K-bas-29	font=13.0	caretCG=(851.20,-45.00 0.00x16.00)	hud=(809.00,-52.00 84.00x77.00)	caps=(836.50,-24.50 29.00x22.00)	capsW=29.00	dxCenter=-0.20	dxLeft=-0.20	dyTop_caretBottom=4.50	dyBottom_caretTop=42.50	PLACEMENT_RATE=0.80,0.00
K-bas-28	font=13.0	caretCG=(851.20,-44.00 0.00x16.00)	hud=(809.00,-98.00 84.00x77.00)	caps=(836.50,-70.50 29.00x22.00)	capsW=29.00	dxCenter=-0.20	dxLeft=-0.20	dyTop_caretBottom=-42.50	dyBottom_caretTop=-4.50	PLACEMENT_RATE=0.80,0.00
K-bas-27	font=13.0	caretCG=(851.20,-43.00 0.00x16.00)	hud=(809.00,-97.00 84.00x77.00)	caps=(836.50,-69.50 29.00x22.00)	capsW=29.00	dxCenter=-0.20	dxLeft=-0.20	dyTop_caretBottom=-42.50	dyBottom_caretTop=-4.50	PLACEMENT_RATE=0.80,0.00
K-bas-26	font=13.0	caretCG=(851.20,-42.00 0.00x16.00)	hud=(809.00,-96.00 84.00x77.00)	caps=(836.50,-68.50 29.00x22.00)	capsW=29.00	dxCenter=-0.20	dxLeft=-0.20	dyTop_caretBottom=-42.50	dyBottom_caretTop=-4.50	PLACEMENT_RATE=0.80,0.00
K-bas-24	font=13.0	caretCG=(851.20,-40.00 0.00x16.00)	hud=(809.00,-94.00 84.00x77.00)	caps=(836.50,-66.50 29.00x22.00)	capsW=29.00	dxCenter=-0.20	dxLeft=-0.20	dyTop_caretBottom=-42.50	dyBottom_caretTop=-4.50	PLACEMENT_RATE=0.80,0.00
K-bas-20	font=13.0	caretCG=(851.20,-36.00 0.00x16.00)	hud=(809.00,-90.00 84.00x77.00)	caps=(836.50,-62.50 29.00x22.00)	capsW=29.00	dxCenter=-0.20	dxLeft=-0.20	dyTop_caretBottom=-42.50	dyBottom_caretTop=-4.50	PLACEMENT_RATE=0.80,0.00
K-bas-12	font=13.0	caretCG=(851.20,-28.00 0.00x16.00)	hud=(809.00,-82.00 84.00x77.00)	caps=(836.50,-54.50 29.00x22.00)	capsW=29.00	dxCenter=-0.20	dxLeft=-0.20	dyTop_caretBottom=-42.50	dyBottom_caretTop=-4.50	PLACEMENT_RATE=0.80,0.00
K-bas-4	font=13.0	caretCG=(851.20,-20.00 0.00x16.00)	hud=(809.00,-74.00 84.00x77.00)	caps=(836.50,-46.50 29.00x22.00)	capsW=29.00	dxCenter=-0.20	dxLeft=-0.20	dyTop_caretBottom=-42.50	dyBottom_caretTop=-4.50	PLACEMENT_RATE=0.80,0.00
K-bas-0	font=13.0	caretCG=(851.20,-20.00 0.00x16.00)	hud=(809.00,-74.00 84.00x77.00)	caps=(836.50,-46.50 29.00x22.00)	capsW=29.00	dxCenter=-0.20	dxLeft=-0.20	dyTop_caretBottom=-42.50	dyBottom_caretTop=-4.50	PLACEMENT_RATE=0.80,0.00
# source restaurée : com.apple.keylayout.French
