SCREEN[0] frame=(0.0, 0.0, 1728.0, 1117.0) visible=(0.0, 72.0, 1728.0, 1012.0) scale=2.0
SCREEN[1] frame=(-108.0, 1117.0, 1920.0, 1080.0) visible=(-108.0, 1117.0, 1920.0, 1050.0) scale=1.0
# écran AppKit (0.00,0.00 1728.00x1117.00)  CG (0.00,0.00 1728.00x1117.00)  visible (0.00,72.00 1728.00x1012.00)  scale 2.0
# réserve basse (Dock) = visibleFrame.minY - frame.minY = 72.00 pt
# source d'origine : com.apple.keylayout.French
L-bas-130	font=13.0	caretCG=(863.20,971.00 0.00x16.00)	hud=(821.00,964.00 84.00x77.00)	caps=(848.50,991.50 29.00x22.00)	capsW=29.00	dxCenter=-0.20	dxLeft=-0.20	dyTop_caretBottom=4.50	dyBottom_caretTop=42.50	PLACEMENT_RATE=0.80,0.00
L-bas-120	font=13.0	caretCG=(863.20,981.00 0.00x16.00)	hud=(821.00,974.00 84.00x77.00)	caps=(848.50,1001.50 29.00x22.00)	capsW=29.00	dxCenter=-0.20	dxLeft=-0.20	dyTop_caretBottom=4.50	dyBottom_caretTop=42.50	PLACEMENT_RATE=0.80,0.00
L-bas-110	font=13.0	caretCG=(863.20,991.00 0.00x16.00)	hud=(821.00,984.00 84.00x77.00)	caps=(848.50,1011.50 29.00x22.00)	capsW=29.00	dxCenter=-0.20	dxLeft=-0.20	dyTop_caretBottom=4.50	dyBottom_caretTop=42.50	PLACEMENT_RATE=0.80,0.00
L-bas-100	font=13.0	caretCG=(863.20,1001.00 0.00x16.00)	hud=(821.00,994.00 84.00x77.00)	caps=(848.50,1021.50 29.00x22.00)	capsW=29.00	dxCenter=-0.20	dxLeft=-0.20	dyTop_caretBottom=4.50	dyBottom_caretTop=42.50	PLACEMENT_RATE=0.80,0.00
L-bas-95	font=13.0	caretCG=(863.20,1006.00 0.00x16.00)	hud=(821.00,952.00 84.00x77.00)	caps=(848.50,979.50 29.00x22.00)	capsW=29.00	dxCenter=-0.20	dxLeft=-0.20	dyTop_caretBottom=-42.50	dyBottom_caretTop=-4.50	PLACEMENT_RATE=0.80,0.00
L-bas-90	font=13.0	caretCG=(863.20,1011.00 0.00x16.00)	hud=(821.00,957.00 84.00x77.00)	caps=(848.50,984.50 29.00x22.00)	capsW=29.00	dxCenter=-0.20	dxLeft=-0.20	dyTop_caretBottom=-42.50	dyBottom_caretTop=-4.50	PLACEMENT_RATE=0.80,0.00
L-bas-86	font=13.0	caretCG=(863.20,1015.00 0.00x16.00)	hud=(821.00,961.00 84.00x77.00)	caps=(848.50,988.50 29.00x22.00)	capsW=29.00	dxCenter=-0.20	dxLeft=-0.20	dyTop_caretBottom=-42.50	dyBottom_caretTop=-4.50	PLACEMENT_RATE=0.80,0.00
L-bas-84	font=13.0	caretCG=(863.20,1017.00 0.00x16.00)	hud=(821.00,963.00 84.00x77.00)	caps=(848.50,990.50 29.00x22.00)	capsW=29.00	dxCenter=-0.20	dxLeft=-0.20	dyTop_caretBottom=-42.50	dyBottom_caretTop=-4.50	PLACEMENT_RATE=0.80,0.00
L-bas-82	font=13.0	caretCG=(863.20,1019.00 0.00x16.00)	hud=(821.00,965.00 84.00x77.00)	caps=(848.50,992.50 29.00x22.00)	capsW=29.00	dxCenter=-0.20	dxLeft=-0.20	dyTop_caretBottom=-42.50	dyBottom_caretTop=-4.50	PLACEMENT_RATE=0.80,0.00
L-bas-80	font=13.0	caretCG=(863.20,1021.00 0.00x16.00)	hud=(821.00,967.00 84.00x77.00)	caps=(848.50,994.50 29.00x22.00)	capsW=29.00	dxCenter=-0.20	dxLeft=-0.20	dyTop_caretBottom=-42.50	dyBottom_caretTop=-4.50	PLACEMENT_RATE=0.80,0.00
L-bas-78	font=13.0	caretCG=(863.20,1023.00 0.00x16.00)	hud=(821.00,969.00 84.00x77.00)	caps=(848.50,996.50 29.00x22.00)	capsW=29.00	dxCenter=-0.20	dxLeft=-0.20	dyTop_caretBottom=-42.50	dyBottom_caretTop=-4.50	PLACEMENT_RATE=0.80,0.00
L-bas-76	font=13.0	caretCG=(863.20,1025.00 0.00x16.00)	hud=(821.00,971.00 84.00x77.00)	caps=(848.50,998.50 29.00x22.00)	capsW=29.00	dxCenter=-0.20	dxLeft=-0.20	dyTop_caretBottom=-42.50	dyBottom_caretTop=-4.50	PLACEMENT_RATE=0.80,0.00
L-bas-70	font=13.0	caretCG=(863.20,1031.00 0.00x16.00)	hud=(821.00,977.00 84.00x77.00)	caps=(848.50,1004.50 29.00x22.00)	capsW=29.00	dxCenter=-0.20	dxLeft=-0.20	dyTop_caretBottom=-42.50	dyBottom_caretTop=-4.50	PLACEMENT_RATE=0.80,0.00
L-bas-60	font=13.0	caretCG=(863.20,1041.00 0.00x16.00)	hud=(821.00,987.00 84.00x77.00)	caps=(848.50,1014.50 29.00x22.00)	capsW=29.00	dxCenter=-0.20	dxLeft=-0.20	dyTop_caretBottom=-42.50	dyBottom_caretTop=-4.50	PLACEMENT_RATE=0.80,0.00
L-bas-50	font=13.0	caretCG=(863.20,1051.00 0.00x16.00)	hud=(821.00,995.00 84.00x77.00)	caps=(848.50,1022.50 29.00x22.00)	capsW=29.00	dxCenter=-0.20	dxLeft=-0.20	dyTop_caretBottom=-44.50	dyBottom_caretTop=-6.50	PLACEMENT_RATE=0.80,0.00
L-bas-40	font=13.0	caretCG=(863.20,1061.00 0.00x16.00)	hud=(821.00,995.00 84.00x77.00)	caps=(848.50,1022.50 29.00x22.00)	capsW=29.00	dxCenter=-0.20	dxLeft=-0.20	dyTop_caretBottom=-54.50	dyBottom_caretTop=-16.50	PLACEMENT_RATE=0.80,0.00
L-bas-34	font=13.0	caretCG=(863.20,1067.00 0.00x16.00)	hud=(821.00,995.00 84.00x77.00)	caps=(848.50,1022.50 29.00x22.00)	capsW=29.00	dxCenter=-0.20	dxLeft=-0.20	dyTop_caretBottom=-60.50	dyBottom_caretTop=-22.50	PLACEMENT_RATE=0.80,0.00
L-bas-32	font=13.0	caretCG=(863.20,1069.00 0.00x16.00)	hud=(821.00,995.00 84.00x77.00)	caps=(848.50,1022.50 29.00x22.00)	capsW=29.00	dxCenter=-0.20	dxLeft=-0.20	dyTop_caretBottom=-62.50	dyBottom_caretTop=-24.50	PLACEMENT_RATE=0.80,0.00
L-bas-31	font=13.0	caretCG=(863.20,1070.00 0.00x16.00)	hud=(821.00,995.00 84.00x77.00)	caps=(848.50,1022.50 29.00x22.00)	capsW=29.00	dxCenter=-0.20	dxLeft=-0.20	dyTop_caretBottom=-63.50	dyBottom_caretTop=-25.50	PLACEMENT_RATE=0.80,0.00
L-bas-30	font=13.0	caretCG=(863.20,1071.00 0.00x16.00)	hud=(821.00,995.00 84.00x77.00)	caps=(848.50,1022.50 29.00x22.00)	capsW=29.00	dxCenter=-0.20	dxLeft=-0.20	dyTop_caretBottom=-64.50	dyBottom_caretTop=-26.50	PLACEMENT_RATE=0.80,0.00
L-bas-29	font=13.0	caretCG=(863.20,1072.00 0.00x16.00)	hud=(821.00,995.00 84.00x77.00)	caps=(848.50,1022.50 29.00x22.00)	capsW=29.00	dxCenter=-0.20	dxLeft=-0.20	dyTop_caretBottom=-65.50	dyBottom_caretTop=-27.50	PLACEMENT_RATE=0.80,0.00
L-bas-28	font=13.0	caretCG=(863.20,1073.00 0.00x16.00)	hud=(821.00,995.00 84.00x77.00)	caps=(848.50,1022.50 29.00x22.00)	capsW=29.00	dxCenter=-0.20	dxLeft=-0.20	dyTop_caretBottom=-66.50	dyBottom_caretTop=-28.50	PLACEMENT_RATE=0.80,0.00
L-bas-27	font=13.0	caretCG=(863.20,1074.00 0.00x16.00)	hud=(821.00,995.00 84.00x77.00)	caps=(848.50,1022.50 29.00x22.00)	capsW=29.00	dxCenter=-0.20	dxLeft=-0.20	dyTop_caretBottom=-67.50	dyBottom_caretTop=-29.50	PLACEMENT_RATE=0.80,0.00
L-bas-24	font=13.0	caretCG=(863.20,1077.00 0.00x16.00)	hud=(821.00,995.00 84.00x77.00)	caps=(848.50,1022.50 29.00x22.00)	capsW=29.00	dxCenter=-0.20	dxLeft=-0.20	dyTop_caretBottom=-70.50	dyBottom_caretTop=-32.50	PLACEMENT_RATE=0.80,0.00
L-bas-20	font=13.0	caretCG=(863.20,1081.00 0.00x16.00)	hud=(821.00,995.00 84.00x77.00)	caps=(848.50,1022.50 29.00x22.00)	capsW=29.00	dxCenter=-0.20	dxLeft=-0.20	dyTop_caretBottom=-74.50	dyBottom_caretTop=-36.50	PLACEMENT_RATE=0.80,0.00
# source restaurée : com.apple.keylayout.French
