SCREEN[0] frame=(0.0, 0.0, 1728.0, 1117.0) visible=(0.0, 0.0, 1728.0, 1084.0) scale=2.0
SCREEN[1] frame=(-108.0, 1117.0, 1920.0, 1080.0) visible=(-108.0, 1117.0, 1920.0, 1050.0) scale=1.0
# OBSERVATEUR — écran[0] AppKit (0.00,0.00 1728.00x1117.00) / CG (0.00,0.00 1728.00x1117.00)
# visibleFrame AppKit (0.00,0.00 1728.00x1084.00)  scale 2.0
# Dock : frame.minY=0.00 visibleFrame.minY=0.00 -> réserve basse 0.00 pt
# source de départ : ("com.apple.keylayout.US", "U.S.", "en")
# Bascule la langue au clavier. Ctrl-C pour finir.
SANS-NOTIF	src=("com.apple.keylayout.French", "French", "fr")	orphan	font=13.0	caretCG=(863.20,543.00 0.00x16.00)	hud=(-17.00,1012.00 84.00x77.00)	caps=(10.50,1039.50 29.00x22.00)	capsW=29.00	dxCenter=-838.20	dxLeft=-838.20	dyTop_caretBottom=480.50	dyBottom_caretTop=518.50
NOTIF	id=com.apple.keylayout.French	name=French	lang=fr	CAPSULE	obs	font=13.0	caretCG=(863.20,543.00 0.00x16.00)	hud=(-17.00,1012.00 84.00x77.00)	caps=(10.50,1039.50 29.00x22.00)	capsW=29.00	dxCenter=-838.20	dxLeft=-838.20	dyTop_caretBottom=480.50	dyBottom_caretTop=518.50
NOTIF	id=com.apple.keylayout.Persian-ISIRI2901	name=Persian – Standard	lang=fa	CAPSULE	obs	font=13.0	caretCG=(863.20,543.00 0.00x16.00)	hud=(-17.00,1012.00 84.00x77.00)	caps=(10.50,1039.50 29.00x22.00)	capsW=29.00	dxCenter=-838.20	dxLeft=-838.20	dyTop_caretBottom=480.50	dyBottom_caretTop=518.50
SANS-NOTIF	src=("com.apple.keylayout.French", "French", "fr")	orphan	font=13.0	caretCG=(863.20,543.00 0.00x16.00)	hud=(-107.00,1009.00 264.00x83.00)	caps=(-79.50,1036.50 209.00x28.00)	capsW=209.00	dxCenter=-838.20	dxLeft=-838.20	dyTop_caretBottom=477.50	dyBottom_caretTop=521.50
SANS-NOTIF	src=("com.apple.keylayout.French", "French", "fr")	orphan	font=13.0	caretCG=(863.20,543.00 0.00x16.00)	hud=(-17.00,1012.00 84.00x77.00)	caps=(10.50,1039.50 29.00x22.00)	capsW=29.00	dxCenter=-838.20	dxLeft=-838.20	dyTop_caretBottom=480.50	dyBottom_caretTop=518.50
NOTIF	id=com.apple.keylayout.French	name=French	lang=fr	NO_HUD
NOTIF	id=com.apple.keylayout.Persian-ISIRI2901	name=Persian – Standard	lang=fa	CAPSULE	obs	font=13.0	caretCG=(863.20,543.00 0.00x16.00)	hud=(821.00,536.00 84.00x77.00)	caps=(848.50,563.50 29.00x22.00)	capsW=29.00	dxCenter=-0.20	dxLeft=-0.20	dyTop_caretBottom=4.50	dyBottom_caretTop=42.50
2026-08-20 23:27:16.107 Probe14[49299:2825646] error messaging the mach port for IMKCFRunLoopWakeUpReliable
NOTIF	id=com.apple.inputmethod.SCIM.WBH	name=Stroke – Simplified	lang=zh-Hans	CAPSULE	obs	font=13.0	caretCG=(863.20,543.00 0.00x16.00)	hud=(821.00,536.00 84.00x77.00)	caps=(848.50,563.50 29.00x22.00)	capsW=29.00	dxCenter=-0.20	dxLeft=-0.20	dyTop_caretBottom=4.50	dyBottom_caretTop=42.50
NOTIF	id=com.apple.inputmethod.SCIM.WBH	name=Stroke – Simplified	lang=zh-Hans	CAPSULE	obs	font=13.0	caretCG=(863.20,543.00 0.00x16.00)	hud=(821.00,536.00 84.00x77.00)	caps=(848.50,563.50 29.00x22.00)	capsW=29.00	dxCenter=-0.20	dxLeft=-0.20	dyTop_caretBottom=4.50	dyBottom_caretTop=42.50
NOTIF	id=com.apple.keylayout.US	name=U.S.	lang=en	CAPSULE	obs	font=13.0	caretCG=(863.20,543.00 0.00x16.00)	hud=(821.00,536.00 84.00x77.00)	caps=(848.50,563.50 29.00x22.00)	capsW=29.00	dxCenter=-0.20	dxLeft=-0.20	dyTop_caretBottom=4.50	dyBottom_caretTop=42.50
NOTIF	id=com.apple.keylayout.US	name=U.S.	lang=en	CAPSULE	obs	font=13.0	caretCG=(863.20,543.00 0.00x16.00)	hud=(821.00,536.00 84.00x77.00)	caps=(848.50,563.50 29.00x22.00)	capsW=29.00	dxCenter=-0.20	dxLeft=-0.20	dyTop_caretBottom=4.50	dyBottom_caretTop=42.50
NOTIF	id=com.apple.inputmethod.SCIM.WBH	name=Stroke – Simplified	lang=zh-Hans	SELECTEUR	obs	font=13.0	caretCG=(863.20,543.00 0.00x16.00)	hud=(731.00,533.00 264.00x83.00)	caps=(758.50,560.50 209.00x28.00)	capsW=209.00	dxCenter=-0.20	dxLeft=-0.20	dyTop_caretBottom=1.50	dyBottom_caretTop=45.50
NOTIF	id=com.apple.inputmethod.SCIM.WBH	name=Stroke – Simplified	lang=zh-Hans	SELECTEUR	obs	font=13.0	caretCG=(863.20,543.00 0.00x16.00)	hud=(731.00,533.00 264.00x83.00)	caps=(758.50,560.50 209.00x28.00)	capsW=209.00	dxCenter=-0.20	dxLeft=-0.20	dyTop_caretBottom=1.50	dyBottom_caretTop=45.50
NOTIF	id=com.apple.keylayout.Persian-ISIRI2901	name=Persian – Standard	lang=fa	CAPSULE	obs	font=13.0	caretCG=(863.20,543.00 0.00x16.00)	hud=(821.00,536.00 84.00x77.00)	caps=(848.50,563.50 29.00x22.00)	capsW=29.00	dxCenter=-0.20	dxLeft=-0.20	dyTop_caretBottom=4.50	dyBottom_caretTop=42.50
NOTIF	id=com.apple.keylayout.Persian-ISIRI2901	name=Persian – Standard	lang=fa	SELECTEUR	obs	font=13.0	caretCG=(863.20,543.00 0.00x16.00)	hud=(731.00,533.00 264.00x83.00)	caps=(758.50,560.50 209.00x28.00)	capsW=209.00	dxCenter=-0.20	dxLeft=-0.20	dyTop_caretBottom=1.50	dyBottom_caretTop=45.50
NOTIF	id=com.apple.keylayout.Persian-ISIRI2901	name=Persian – Standard	lang=fa	CAPSULE	obs	font=13.0	caretCG=(863.20,543.00 0.00x16.00)	hud=(821.00,536.00 84.00x77.00)	caps=(848.50,563.50 29.00x22.00)	capsW=29.00	dxCenter=-0.20	dxLeft=-0.20	dyTop_caretBottom=4.50	dyBottom_caretTop=42.50
NOTIF	id=com.apple.keylayout.Persian-ISIRI2901	name=Persian – Standard	lang=fa	SELECTEUR	obs	font=13.0	caretCG=(863.20,543.00 0.00x16.00)	hud=(731.00,533.00 264.00x83.00)	caps=(758.50,560.50 209.00x28.00)	capsW=209.00	dxCenter=-0.20	dxLeft=-0.20	dyTop_caretBottom=1.50	dyBottom_caretTop=45.50
NOTIF	id=com.apple.inputmethod.SCIM.WBH	name=Stroke – Simplified	lang=zh-Hans	CAPSULE	obs	font=13.0	caretCG=(863.20,543.00 0.00x16.00)	hud=(783.00,542.00 84.00x77.00)	caps=(810.50,569.50 29.00x22.00)	capsW=29.00	dxCenter=-38.20	dxLeft=-38.20	dyTop_caretBottom=10.50	dyBottom_caretTop=48.50
NOTIF	id=com.apple.inputmethod.SCIM.WBH	name=Stroke – Simplified	lang=zh-Hans	SELECTEUR	obs	font=13.0	caretCG=(863.20,543.00 0.00x16.00)	hud=(693.00,539.00 264.00x83.00)	caps=(720.50,566.50 209.00x28.00)	capsW=209.00	dxCenter=-38.20	dxLeft=-38.20	dyTop_caretBottom=7.50	dyBottom_caretTop=51.50
NOTIF	id=com.apple.inputmethod.SCIM.WBH	name=Stroke – Simplified	lang=zh-Hans	CAPSULE	obs	font=13.0	caretCG=(863.20,543.00 0.00x16.00)	hud=(783.00,542.00 84.00x77.00)	caps=(810.50,569.50 29.00x22.00)	capsW=29.00	dxCenter=-38.20	dxLeft=-38.20	dyTop_caretBottom=10.50	dyBottom_caretTop=48.50
NOTIF	id=com.apple.inputmethod.SCIM.WBH	name=Stroke – Simplified	lang=zh-Hans	SELECTEUR	obs	font=13.0	caretCG=(863.20,543.00 0.00x16.00)	hud=(693.00,539.00 264.00x83.00)	caps=(720.50,566.50 209.00x28.00)	capsW=209.00	dxCenter=-38.20	dxLeft=-38.20	dyTop_caretBottom=7.50	dyBottom_caretTop=51.50
NOTIF	id=com.apple.keylayout.Persian-ISIRI2901	name=Persian – Standard	lang=fa	SELECTEUR	obs	font=13.0	caretCG=(863.20,543.00 0.00x16.00)	hud=(693.00,539.00 264.00x83.00)	caps=(720.50,566.50 209.00x28.00)	capsW=209.00	dxCenter=-38.20	dxLeft=-38.20	dyTop_caretBottom=7.50	dyBottom_caretTop=51.50
NOTIF	id=com.apple.keylayout.Persian-ISIRI2901	name=Persian – Standard	lang=fa	SELECTEUR	obs	font=13.0	caretCG=(863.20,543.00 0.00x16.00)	hud=(693.00,539.00 264.00x83.00)	caps=(720.50,566.50 209.00x28.00)	capsW=209.00	dxCenter=-38.20	dxLeft=-38.20	dyTop_caretBottom=7.50	dyBottom_caretTop=51.50
NOTIF	id=com.apple.keylayout.French	name=French	lang=fr	CAPSULE	obs	font=13.0	caretCG=(863.20,543.00 0.00x16.00)	hud=(783.00,542.00 84.00x77.00)	caps=(810.50,569.50 29.00x22.00)	capsW=29.00	dxCenter=-38.20	dxLeft=-38.20	dyTop_caretBottom=10.50	dyBottom_caretTop=48.50
NOTIF	id=com.apple.keylayout.French	name=French	lang=fr	SELECTEUR	obs	font=13.0	caretCG=(863.20,543.00 0.00x16.00)	hud=(693.00,539.00 264.00x83.00)	caps=(720.50,566.50 209.00x28.00)	capsW=209.00	dxCenter=-38.20	dxLeft=-38.20	dyTop_caretBottom=7.50	dyBottom_caretTop=51.50
NOTIF	id=com.apple.keylayout.French	name=French	lang=fr	CAPSULE	obs	font=13.0	caretCG=(863.20,543.00 0.00x16.00)	hud=(783.00,542.00 84.00x77.00)	caps=(810.50,569.50 29.00x22.00)	capsW=29.00	dxCenter=-38.20	dxLeft=-38.20	dyTop_caretBottom=10.50	dyBottom_caretTop=48.50
NOTIF	id=com.apple.keylayout.French	name=French	lang=fr	SELECTEUR	obs	font=13.0	caretCG=(863.20,543.00 0.00x16.00)	hud=(693.00,539.00 264.00x83.00)	caps=(720.50,566.50 209.00x28.00)	capsW=209.00	dxCenter=-38.20	dxLeft=-38.20	dyTop_caretBottom=7.50	dyBottom_caretTop=51.50
SANS-NOTIF	src=("com.apple.keylayout.Persian-ISIRI2901", "Persian – Standard", "fa")	orphan	font=13.0	caretCG=(863.20,543.00 0.00x16.00)	hud=(783.00,542.00 84.00x77.00)	caps=(810.50,569.50 29.00x22.00)	capsW=29.00	dxCenter=-38.20	dxLeft=-38.20	dyTop_caretBottom=10.50	dyBottom_caretTop=48.50
NOTIF	id=com.apple.inputmethod.SCIM.WBH	name=Stroke – Simplified	lang=zh-Hans	CAPSULE	obs	font=13.0	caretCG=(863.20,543.00 0.00x16.00)	hud=(783.00,542.00 84.00x77.00)	caps=(810.50,569.50 29.00x22.00)	capsW=29.00	dxCenter=-38.20	dxLeft=-38.20	dyTop_caretBottom=10.50	dyBottom_caretTop=48.50
NOTIF	id=com.apple.keylayout.Persian-ISIRI2901	name=Persian – Standard	lang=fa	CAPSULE	obs	font=13.0	caretCG=(863.20,543.00 0.00x16.00)	hud=(783.00,542.00 84.00x77.00)	caps=(810.50,569.50 29.00x22.00)	capsW=29.00	dxCenter=-38.20	dxLeft=-38.20	dyTop_caretBottom=10.50	dyBottom_caretTop=48.50
NOTIF	id=com.apple.inputmethod.SCIM.WBH	name=Stroke – Simplified	lang=zh-Hans	CAPSULE	obs	font=13.0	caretCG=(863.20,543.00 0.00x16.00)	hud=(783.00,542.00 84.00x77.00)	caps=(810.50,569.50 29.00x22.00)	capsW=29.00	dxCenter=-38.20	dxLeft=-38.20	dyTop_caretBottom=10.50	dyBottom_caretTop=48.50
NOTIF	id=com.apple.keylayout.Persian-ISIRI2901	name=Persian – Standard	lang=fa	CAPSULE	obs	font=13.0	caretCG=(863.20,543.00 0.00x16.00)	hud=(783.00,542.00 84.00x77.00)	caps=(810.50,569.50 29.00x22.00)	capsW=29.00	dxCenter=-38.20	dxLeft=-38.20	dyTop_caretBottom=10.50	dyBottom_caretTop=48.50
NOTIF	id=com.apple.keylayout.Persian-ISIRI2901	name=Persian – Standard	lang=fa	CAPSULE	obs	font=13.0	caretCG=(863.20,543.00 0.00x16.00)	hud=(783.00,542.00 84.00x77.00)	caps=(810.50,569.50 29.00x22.00)	capsW=29.00	dxCenter=-38.20	dxLeft=-38.20	dyTop_caretBottom=10.50	dyBottom_caretTop=48.50
NOTIF	id=com.apple.keylayout.Persian-ISIRI2901	name=Persian – Standard	lang=fa	SELECTEUR	obs	font=13.0	caretCG=(863.20,543.00 0.00x16.00)	hud=(693.00,539.00 264.00x83.00)	caps=(720.50,566.50 209.00x28.00)	capsW=209.00	dxCenter=-38.20	dxLeft=-38.20	dyTop_caretBottom=7.50	dyBottom_caretTop=51.50
NOTIF	id=com.apple.keylayout.Persian-ISIRI2901	name=Persian – Standard	lang=fa	SELECTEUR	obs	font=13.0	caretCG=(863.20,543.00 0.00x16.00)	hud=(693.00,539.00 264.00x83.00)	caps=(720.50,566.50 209.00x28.00)	capsW=209.00	dxCenter=-38.20	dxLeft=-38.20	dyTop_caretBottom=7.50	dyBottom_caretTop=51.50
NOTIF	id=com.apple.inputmethod.SCIM.WBH	name=Stroke – Simplified	lang=zh-Hans	CAPSULE	obs	font=13.0	caretCG=(863.20,543.00 0.00x16.00)	hud=(783.00,542.00 84.00x77.00)	caps=(810.50,569.50 29.00x22.00)	capsW=29.00	dxCenter=-38.20	dxLeft=-38.20	dyTop_caretBottom=10.50	dyBottom_caretTop=48.50
NOTIF	id=com.apple.inputmethod.SCIM.WBH	name=Stroke – Simplified	lang=zh-Hans	SELECTEUR	obs	font=13.0	caretCG=(863.20,543.00 0.00x16.00)	hud=(693.00,539.00 264.00x83.00)	caps=(720.50,566.50 209.00x28.00)	capsW=209.00	dxCenter=-38.20	dxLeft=-38.20	dyTop_caretBottom=7.50	dyBottom_caretTop=51.50
NOTIF	id=com.apple.inputmethod.SCIM.WBH	name=Stroke – Simplified	lang=zh-Hans	CAPSULE	obs	font=13.0	caretCG=(863.20,543.00 0.00x16.00)	hud=(783.00,542.00 84.00x77.00)	caps=(810.50,569.50 29.00x22.00)	capsW=29.00	dxCenter=-38.20	dxLeft=-38.20	dyTop_caretBottom=10.50	dyBottom_caretTop=48.50
NOTIF	id=com.apple.inputmethod.SCIM.WBH	name=Stroke – Simplified	lang=zh-Hans	SELECTEUR	obs	font=13.0	caretCG=(863.20,543.00 0.00x16.00)	hud=(693.00,539.00 264.00x83.00)	caps=(720.50,566.50 209.00x28.00)	capsW=209.00	dxCenter=-38.20	dxLeft=-38.20	dyTop_caretBottom=7.50	dyBottom_caretTop=51.50
NOTIF	id=com.apple.keylayout.French	name=French	lang=fr	CAPSULE	obs	font=13.0	caretCG=(863.20,543.00 0.00x16.00)	hud=(783.00,542.00 84.00x77.00)	caps=(810.50,569.50 29.00x22.00)	capsW=29.00	dxCenter=-38.20	dxLeft=-38.20	dyTop_caretBottom=10.50	dyBottom_caretTop=48.50
NOTIF	id=com.apple.keylayout.French	name=French	lang=fr	SELECTEUR	obs	font=13.0	caretCG=(863.20,543.00 0.00x16.00)	hud=(693.00,539.00 264.00x83.00)	caps=(720.50,566.50 209.00x28.00)	capsW=209.00	dxCenter=-38.20	dxLeft=-38.20	dyTop_caretBottom=7.50	dyBottom_caretTop=51.50
NOTIF	id=com.apple.keylayout.French	name=French	lang=fr	CAPSULE	obs	font=13.0	caretCG=(863.20,543.00 0.00x16.00)	hud=(783.00,542.00 84.00x77.00)	caps=(810.50,569.50 29.00x22.00)	capsW=29.00	dxCenter=-38.20	dxLeft=-38.20	dyTop_caretBottom=10.50	dyBottom_caretTop=48.50
NOTIF	id=com.apple.keylayout.French	name=French	lang=fr	SELECTEUR	obs	font=13.0	caretCG=(863.20,543.00 0.00x16.00)	hud=(693.00,539.00 264.00x83.00)	caps=(720.50,566.50 209.00x28.00)	capsW=209.00	dxCenter=-38.20	dxLeft=-38.20	dyTop_caretBottom=7.50	dyBottom_caretTop=51.50
SANS-NOTIF	src=("com.apple.keylayout.French", "French", "fr")	orphan	font=13.0	caretCG=(863.20,543.00 0.00x16.00)	hud=(-17.00,1012.00 84.00x77.00)	caps=(10.50,1039.50 29.00x22.00)	capsW=29.00	dxCenter=-838.20	dxLeft=-838.20	dyTop_caretBottom=480.50	dyBottom_caretTop=518.50
SANS-NOTIF	src=("com.apple.keylayout.Persian-ISIRI2901", "Persian – Standard", "fa")	orphan	font=13.0	caretCG=(863.20,543.00 0.00x16.00)	hud=(-17.00,1012.00 84.00x77.00)	caps=(10.50,1039.50 29.00x22.00)	capsW=29.00	dxCenter=-838.20	dxLeft=-838.20	dyTop_caretBottom=480.50	dyBottom_caretTop=518.50
SANS-NOTIF	src=("com.apple.keylayout.Persian-ISIRI2901", "Persian – Standard", "fa")	orphan	font=13.0	caretCG=(863.20,543.00 0.00x16.00)	hud=(-17.00,1008.00 84.00x77.00)	caps=(10.50,1035.50 29.00x22.00)	capsW=29.00	dxCenter=-838.20	dxLeft=-838.20	dyTop_caretBottom=476.50	dyBottom_caretTop=514.50
NOTIF	id=com.apple.keylayout.Persian-ISIRI2901	name=Persian – Standard	lang=fa	CAPSULE	obs	font=13.0	caretCG=(863.20,543.00 0.00x16.00)	hud=(-17.00,1008.00 84.00x77.00)	caps=(10.50,1035.50 29.00x22.00)	capsW=29.00	dxCenter=-838.20	dxLeft=-838.20	dyTop_caretBottom=476.50	dyBottom_caretTop=514.50
NOTIF	id=com.apple.inputmethod.SCIM.WBH	name=Stroke – Simplified	lang=zh-Hans	CAPSULE	obs	font=13.0	caretCG=(863.20,543.00 0.00x16.00)	hud=(-17.00,1008.00 84.00x77.00)	caps=(10.50,1035.50 29.00x22.00)	capsW=29.00	dxCenter=-838.20	dxLeft=-838.20	dyTop_caretBottom=476.50	dyBottom_caretTop=514.50
NOTIF	id=com.apple.inputmethod.SCIM.WBH	name=Stroke – Simplified	lang=zh-Hans	CAPSULE	obs	font=13.0	caretCG=(863.20,543.00 0.00x16.00)	hud=(-17.00,1008.00 84.00x77.00)	caps=(10.50,1035.50 29.00x22.00)	capsW=29.00	dxCenter=-838.20	dxLeft=-838.20	dyTop_caretBottom=476.50	dyBottom_caretTop=514.50
NOTIF	id=com.apple.keylayout.US	name=U.S.	lang=en	CAPSULE	obs	font=13.0	caretCG=(863.20,543.00 0.00x16.00)	hud=(-17.00,1008.00 84.00x77.00)	caps=(10.50,1035.50 29.00x22.00)	capsW=29.00	dxCenter=-838.20	dxLeft=-838.20	dyTop_caretBottom=476.50	dyBottom_caretTop=514.50
NOTIF	id=com.apple.keylayout.US	name=U.S.	lang=en	CAPSULE	obs	font=13.0	caretCG=(863.20,543.00 0.00x16.00)	hud=(-17.00,1008.00 84.00x77.00)	caps=(10.50,1035.50 29.00x22.00)	capsW=29.00	dxCenter=-838.20	dxLeft=-838.20	dyTop_caretBottom=476.50	dyBottom_caretTop=514.50
SANS-NOTIF	src=("com.apple.keylayout.French", "French", "fr")	orphan	font=13.0	caretCG=(863.20,543.00 0.00x16.00)	hud=(-17.00,1008.00 84.00x77.00)	caps=(10.50,1035.50 29.00x22.00)	capsW=29.00	dxCenter=-838.20	dxLeft=-838.20	dyTop_caretBottom=476.50	dyBottom_caretTop=514.50
NOTIF	id=com.apple.keylayout.French	name=French	lang=fr	CAPSULE	obs	font=13.0	caretCG=(863.20,543.00 0.00x16.00)	hud=(-17.00,1008.00 84.00x77.00)	caps=(10.50,1035.50 29.00x22.00)	capsW=29.00	dxCenter=-838.20	dxLeft=-838.20	dyTop_caretBottom=476.50	dyBottom_caretTop=514.50
NOTIF	id=com.apple.keylayout.Persian-ISIRI2901	name=Persian – Standard	lang=fa	CAPSULE	obs	font=13.0	caretCG=(863.20,543.00 0.00x16.00)	hud=(-17.00,1008.00 84.00x77.00)	caps=(10.50,1035.50 29.00x22.00)	capsW=29.00	dxCenter=-838.20	dxLeft=-838.20	dyTop_caretBottom=476.50	dyBottom_caretTop=514.50
SANS-NOTIF	src=("com.apple.keylayout.French", "French", "fr")	orphan	font=13.0	caretCG=(863.20,543.00 0.00x16.00)	hud=(-17.00,1002.00 264.00x83.00)	caps=(10.50,1029.50 209.00x28.00)	capsW=209.00	dxCenter=-748.20	dxLeft=-748.20	dyTop_caretBottom=470.50	dyBottom_caretTop=514.50
SANS-NOTIF	src=("com.apple.keylayout.French", "French", "fr")	orphan	font=13.0	caretCG=(863.20,543.00 0.00x16.00)	hud=(-107.00,1005.00 264.00x83.00)	caps=(-79.50,1032.50 209.00x28.00)	capsW=209.00	dxCenter=-838.20	dxLeft=-838.20	dyTop_caretBottom=473.50	dyBottom_caretTop=517.50
NOTIF	id=com.apple.keylayout.French	name=French	lang=fr	SELECTEUR	obs	font=13.0	caretCG=(863.20,543.00 0.00x16.00)	hud=(-107.00,1005.00 264.00x83.00)	caps=(-79.50,1032.50 209.00x28.00)	capsW=209.00	dxCenter=-838.20	dxLeft=-838.20	dyTop_caretBottom=473.50	dyBottom_caretTop=517.50
NOTIF	id=com.apple.keylayout.US	name=U.S.	lang=en	SELECTEUR	obs	font=13.0	caretCG=(863.20,543.00 0.00x16.00)	hud=(-107.00,1005.00 264.00x83.00)	caps=(-79.50,1032.50 209.00x28.00)	capsW=209.00	dxCenter=-838.20	dxLeft=-838.20	dyTop_caretBottom=473.50	dyBottom_caretTop=517.50
NOTIF	id=com.apple.inputmethod.SCIM.WBH	name=Stroke – Simplified	lang=zh-Hans	CAPSULE	obs	font=13.0	caretCG=(863.20,543.00 0.00x16.00)	hud=(-17.00,1008.00 84.00x77.00)	caps=(10.50,1035.50 29.00x22.00)	capsW=29.00	dxCenter=-838.20	dxLeft=-838.20	dyTop_caretBottom=476.50	dyBottom_caretTop=514.50
NOTIF	id=com.apple.inputmethod.SCIM.WBH	name=Stroke – Simplified	lang=zh-Hans	SELECTEUR	obs	font=13.0	caretCG=(863.20,543.00 0.00x16.00)	hud=(-107.00,1005.00 264.00x83.00)	caps=(-79.50,1032.50 209.00x28.00)	capsW=209.00	dxCenter=-838.20	dxLeft=-838.20	dyTop_caretBottom=473.50	dyBottom_caretTop=517.50
NOTIF	id=com.apple.inputmethod.SCIM.WBH	name=Stroke – Simplified	lang=zh-Hans	CAPSULE	obs	font=13.0	caretCG=(863.20,543.00 0.00x16.00)	hud=(-17.00,1008.00 84.00x77.00)	caps=(10.50,1035.50 29.00x22.00)	capsW=29.00	dxCenter=-838.20	dxLeft=-838.20	dyTop_caretBottom=476.50	dyBottom_caretTop=514.50
NOTIF	id=com.apple.inputmethod.SCIM.WBH	name=Stroke – Simplified	lang=zh-Hans	SELECTEUR	obs	font=13.0	caretCG=(863.20,543.00 0.00x16.00)	hud=(-107.00,1005.00 264.00x83.00)	caps=(-79.50,1032.50 209.00x28.00)	capsW=209.00	dxCenter=-838.20	dxLeft=-838.20	dyTop_caretBottom=473.50	dyBottom_caretTop=517.50
NOTIF	id=com.apple.inputmethod.SCIM.WBH	name=Stroke – Simplified	lang=zh-Hans	NO_HUD
NOTIF	id=com.apple.inputmethod.SCIM.WBH	name=Stroke – Simplified	lang=zh-Hans	NO_HUD
NOTIF	id=com.apple.inputmethod.SCIM.WBH	name=Stroke – Simplified	lang=zh-Hans	NO_HUD
NOTIF	id=com.apple.inputmethod.SCIM.WBH	name=Stroke – Simplified	lang=zh-Hans	NO_HUD
NOTIF	id=com.apple.inputmethod.SCIM.WBH	name=Stroke – Simplified	lang=zh-Hans	NO_HUD
NOTIF	id=com.apple.inputmethod.SCIM.WBH	name=Stroke – Simplified	lang=zh-Hans	NO_HUD
NOTIF	id=com.apple.inputmethod.SCIM.WBH	name=Stroke – Simplified	lang=zh-Hans	NO_HUD
NOTIF	id=com.apple.inputmethod.SCIM.WBH	name=Stroke – Simplified	lang=zh-Hans	NO_HUD
NOTIF	id=com.apple.inputmethod.SCIM.WBH	name=Stroke – Simplified	lang=zh-Hans	NO_HUD
NOTIF	id=com.apple.inputmethod.SCIM.WBH	name=Stroke – Simplified	lang=zh-Hans	NO_HUD
NOTIF	id=com.apple.keylayout.US	name=U.S.	lang=en	CAPSULE	obs	font=13.0	caretCG=(863.20,543.00 0.00x16.00)	hud=(350.00,-132.00 84.00x77.00)	caps=(377.50,-104.50 29.00x22.00)	capsW=29.00	dxCenter=-471.20	dxLeft=-471.20	dyTop_caretBottom=-663.50	dyBottom_caretTop=-625.50
NOTIF	id=com.apple.keylayout.US	name=U.S.	lang=en	SELECTEUR	obs	font=13.0	caretCG=(863.20,543.00 0.00x16.00)	hud=(260.00,-135.00 264.00x83.00)	caps=(287.50,-107.50 209.00x28.00)	capsW=209.00	dxCenter=-471.20	dxLeft=-471.20	dyTop_caretBottom=-666.50	dyBottom_caretTop=-622.50
NOTIF	id=com.apple.keylayout.US	name=U.S.	lang=en	CAPSULE	obs	font=13.0	caretCG=(863.20,543.00 0.00x16.00)	hud=(350.00,-132.00 84.00x77.00)	caps=(377.50,-104.50 29.00x22.00)	capsW=29.00	dxCenter=-471.20	dxLeft=-471.20	dyTop_caretBottom=-663.50	dyBottom_caretTop=-625.50
NOTIF	id=com.apple.keylayout.US	name=U.S.	lang=en	SELECTEUR	obs	font=13.0	caretCG=(863.20,543.00 0.00x16.00)	hud=(260.00,-135.00 264.00x83.00)	caps=(287.50,-107.50 209.00x28.00)	capsW=209.00	dxCenter=-471.20	dxLeft=-471.20	dyTop_caretBottom=-666.50	dyBottom_caretTop=-622.50
NOTIF	id=com.apple.inputmethod.SCIM.WBH	name=Stroke – Simplified	lang=zh-Hans	CAPSULE	obs	font=13.0	caretCG=(863.20,543.00 0.00x16.00)	hud=(350.00,-132.00 84.00x77.00)	caps=(377.50,-104.50 29.00x22.00)	capsW=29.00	dxCenter=-471.20	dxLeft=-471.20	dyTop_caretBottom=-663.50	dyBottom_caretTop=-625.50
NOTIF	id=com.apple.inputmethod.SCIM.WBH	name=Stroke – Simplified	lang=zh-Hans	SELECTEUR	obs	font=13.0	caretCG=(863.20,543.00 0.00x16.00)	hud=(260.00,-135.00 264.00x83.00)	caps=(287.50,-107.50 209.00x28.00)	capsW=209.00	dxCenter=-471.20	dxLeft=-471.20	dyTop_caretBottom=-666.50	dyBottom_caretTop=-622.50
NOTIF	id=com.apple.inputmethod.SCIM.WBH	name=Stroke – Simplified	lang=zh-Hans	CAPSULE	obs	font=13.0	caretCG=(863.20,543.00 0.00x16.00)	hud=(350.00,-132.00 84.00x77.00)	caps=(377.50,-104.50 29.00x22.00)	capsW=29.00	dxCenter=-471.20	dxLeft=-471.20	dyTop_caretBottom=-663.50	dyBottom_caretTop=-625.50
NOTIF	id=com.apple.inputmethod.SCIM.WBH	name=Stroke – Simplified	lang=zh-Hans	SELECTEUR	obs	font=13.0	caretCG=(863.20,543.00 0.00x16.00)	hud=(260.00,-135.00 264.00x83.00)	caps=(287.50,-107.50 209.00x28.00)	capsW=209.00	dxCenter=-471.20	dxLeft=-471.20	dyTop_caretBottom=-666.50	dyBottom_caretTop=-622.50
NOTIF	id=com.apple.keylayout.French	name=French	lang=fr	CAPSULE	obs	font=13.0	caretCG=(863.20,543.00 0.00x16.00)	hud=(350.00,-132.00 84.00x77.00)	caps=(377.50,-104.50 29.00x22.00)	capsW=29.00	dxCenter=-471.20	dxLeft=-471.20	dyTop_caretBottom=-663.50	dyBottom_caretTop=-625.50
NOTIF	id=com.apple.keylayout.French	name=French	lang=fr	SELECTEUR	obs	font=13.0	caretCG=(863.20,543.00 0.00x16.00)	hud=(260.00,-135.00 264.00x83.00)	caps=(287.50,-107.50 209.00x28.00)	capsW=209.00	dxCenter=-471.20	dxLeft=-471.20	dyTop_caretBottom=-666.50	dyBottom_caretTop=-622.50
NOTIF	id=com.apple.keylayout.French	name=French	lang=fr	CAPSULE	obs	font=13.0	caretCG=(863.20,543.00 0.00x16.00)	hud=(350.00,-132.00 84.00x77.00)	caps=(377.50,-104.50 29.00x22.00)	capsW=29.00	dxCenter=-471.20	dxLeft=-471.20	dyTop_caretBottom=-663.50	dyBottom_caretTop=-625.50
NOTIF	id=com.apple.keylayout.French	name=French	lang=fr	SELECTEUR	obs	font=13.0	caretCG=(863.20,543.00 0.00x16.00)	hud=(260.00,-135.00 264.00x83.00)	caps=(287.50,-107.50 209.00x28.00)	capsW=209.00	dxCenter=-471.20	dxLeft=-471.20	dyTop_caretBottom=-666.50	dyBottom_caretTop=-622.50
SANS-NOTIF	src=("com.apple.keylayout.French", "French", "fr")	orphan	font=13.0	caretCG=(863.20,543.00 0.00x16.00)	hud=(-17.00,1008.00 84.00x77.00)	caps=(10.50,1035.50 29.00x22.00)	capsW=29.00	dxCenter=-838.20	dxLeft=-838.20	dyTop_caretBottom=476.50	dyBottom_caretTop=514.50
SANS-NOTIF	src=("com.apple.keylayout.French", "French", "fr")	orphan	font=13.0	caretCG=(863.20,543.00 0.00x16.00)	hud=(253.00,1037.00 84.00x77.00)	caps=(280.50,1064.50 29.00x22.00)	capsW=29.00	dxCenter=-568.20	dxLeft=-568.20	dyTop_caretBottom=505.50	dyBottom_caretTop=543.50
NOTIF	id=com.apple.inputmethod.SCIM.WBH	name=Stroke – Simplified	lang=zh-Hans	CAPSULE	obs	font=13.0	caretCG=(863.20,543.00 0.00x16.00)	hud=(117.00,174.00 84.00x77.00)	caps=(144.50,201.50 29.00x22.00)	capsW=29.00	dxCenter=-704.20	dxLeft=-704.20	dyTop_caretBottom=-357.50	dyBottom_caretTop=-319.50
NOTIF	id=com.apple.inputmethod.SCIM.WBH	name=Stroke – Simplified	lang=zh-Hans	SELECTEUR	obs	font=13.0	caretCG=(863.20,543.00 0.00x16.00)	hud=(0.00,1034.00 264.00x83.00)	caps=(27.50,1061.50 209.00x28.00)	capsW=209.00	dxCenter=-731.20	dxLeft=-731.20	dyTop_caretBottom=502.50	dyBottom_caretTop=546.50
NOTIF	id=com.apple.inputmethod.SCIM.WBH	name=Stroke – Simplified	lang=zh-Hans	SELECTEUR	obs	font=13.0	caretCG=(863.20,543.00 0.00x16.00)	hud=(27.00,171.00 264.00x83.00)	caps=(54.50,198.50 209.00x28.00)	capsW=209.00	dxCenter=-704.20	dxLeft=-704.20	dyTop_caretBottom=-360.50	dyBottom_caretTop=-316.50
NOTIF	id=com.apple.inputmethod.SCIM.WBH	name=Stroke – Simplified	lang=zh-Hans	CAPSULE	obs	font=13.0	caretCG=(863.20,543.00 0.00x16.00)	hud=(117.00,174.00 84.00x77.00)	caps=(144.50,201.50 29.00x22.00)	capsW=29.00	dxCenter=-704.20	dxLeft=-704.20	dyTop_caretBottom=-357.50	dyBottom_caretTop=-319.50
NOTIF	id=com.apple.inputmethod.SCIM.WBH	name=Stroke – Simplified	lang=zh-Hans	SELECTEUR	obs	font=13.0	caretCG=(863.20,543.00 0.00x16.00)	hud=(27.00,171.00 264.00x83.00)	caps=(54.50,198.50 209.00x28.00)	capsW=209.00	dxCenter=-704.20	dxLeft=-704.20	dyTop_caretBottom=-360.50	dyBottom_caretTop=-316.50
NOTIF	id=com.apple.keylayout.French	name=French	lang=fr	SELECTEUR	obs	font=13.0	caretCG=(863.20,543.00 0.00x16.00)	hud=(27.00,171.00 264.00x83.00)	caps=(54.50,198.50 209.00x28.00)	capsW=209.00	dxCenter=-704.20	dxLeft=-704.20	dyTop_caretBottom=-360.50	dyBottom_caretTop=-316.50
NOTIF	id=com.apple.keylayout.French	name=French	lang=fr	SELECTEUR	obs	font=13.0	caretCG=(863.20,543.00 0.00x16.00)	hud=(27.00,171.00 264.00x83.00)	caps=(54.50,198.50 209.00x28.00)	capsW=209.00	dxCenter=-704.20	dxLeft=-704.20	dyTop_caretBottom=-360.50	dyBottom_caretTop=-316.50
NOTIF	id=com.apple.keylayout.Persian-ISIRI2901	name=Persian – Standard	lang=fa	CAPSULE	obs	font=13.0	caretCG=(863.20,543.00 0.00x16.00)	hud=(117.00,174.00 84.00x77.00)	caps=(144.50,201.50 29.00x22.00)	capsW=29.00	dxCenter=-704.20	dxLeft=-704.20	dyTop_caretBottom=-357.50	dyBottom_caretTop=-319.50
NOTIF	id=com.apple.keylayout.Persian-ISIRI2901	name=Persian – Standard	lang=fa	SELECTEUR	obs	font=13.0	caretCG=(863.20,543.00 0.00x16.00)	hud=(27.00,171.00 264.00x83.00)	caps=(54.50,198.50 209.00x28.00)	capsW=209.00	dxCenter=-704.20	dxLeft=-704.20	dyTop_caretBottom=-360.50	dyBottom_caretTop=-316.50
NOTIF	id=com.apple.keylayout.Persian-ISIRI2901	name=Persian – Standard	lang=fa	CAPSULE	obs	font=13.0	caretCG=(863.20,543.00 0.00x16.00)	hud=(117.00,174.00 84.00x77.00)	caps=(144.50,201.50 29.00x22.00)	capsW=29.00	dxCenter=-704.20	dxLeft=-704.20	dyTop_caretBottom=-357.50	dyBottom_caretTop=-319.50
NOTIF	id=com.apple.keylayout.Persian-ISIRI2901	name=Persian – Standard	lang=fa	SELECTEUR	obs	font=13.0	caretCG=(863.20,543.00 0.00x16.00)	hud=(27.00,171.00 264.00x83.00)	caps=(54.50,198.50 209.00x28.00)	capsW=209.00	dxCenter=-704.20	dxLeft=-704.20	dyTop_caretBottom=-360.50	dyBottom_caretTop=-316.50
NOTIF	id=com.apple.inputmethod.SCIM.WBH	name=Stroke – Simplified	lang=zh-Hans	CAPSULE	obs	font=13.0	caretCG=(863.20,543.00 0.00x16.00)	hud=(117.00,174.00 84.00x77.00)	caps=(144.50,201.50 29.00x22.00)	capsW=29.00	dxCenter=-704.20	dxLeft=-704.20	dyTop_caretBottom=-357.50	dyBottom_caretTop=-319.50
NOTIF	id=com.apple.inputmethod.SCIM.WBH	name=Stroke – Simplified	lang=zh-Hans	CAPSULE	obs	font=13.0	caretCG=(863.20,543.00 0.00x16.00)	hud=(117.00,174.00 84.00x77.00)	caps=(144.50,201.50 29.00x22.00)	capsW=29.00	dxCenter=-704.20	dxLeft=-704.20	dyTop_caretBottom=-357.50	dyBottom_caretTop=-319.50
NOTIF	id=com.apple.inputmethod.SCIM.WBH	name=Stroke – Simplified	lang=zh-Hans	NO_HUD
NOTIF	id=com.apple.inputmethod.SCIM.WBH	name=Stroke – Simplified	lang=zh-Hans	NO_HUD
NOTIF	id=com.apple.inputmethod.SCIM.WBH	name=Stroke – Simplified	lang=zh-Hans	NO_HUD
NOTIF	id=com.apple.inputmethod.SCIM.WBH	name=Stroke – Simplified	lang=zh-Hans	NO_HUD
NOTIF	id=com.apple.inputmethod.SCIM.WBH	name=Stroke – Simplified	lang=zh-Hans	NO_HUD
NOTIF	id=com.apple.inputmethod.SCIM.WBH	name=Stroke – Simplified	lang=zh-Hans	NO_HUD
NOTIF	id=com.apple.inputmethod.SCIM.WBH	name=Stroke – Simplified	lang=zh-Hans	NO_HUD
NOTIF	id=com.apple.inputmethod.SCIM.WBH	name=Stroke – Simplified	lang=zh-Hans	NO_HUD
NOTIF	id=com.apple.keylayout.Persian-ISIRI2901	name=Persian – Standard	lang=fa	SELECTEUR	obs	font=13.0	caretCG=(863.20,543.00 0.00x16.00)	hud=(-107.00,1005.00 264.00x83.00)	caps=(-79.50,1032.50 209.00x28.00)	capsW=209.00	dxCenter=-838.20	dxLeft=-838.20	dyTop_caretBottom=473.50	dyBottom_caretTop=517.50
NOTIF	id=com.apple.keylayout.Persian-ISIRI2901	name=Persian – Standard	lang=fa	SELECTEUR	obs	font=13.0	caretCG=(863.20,543.00 0.00x16.00)	hud=(-107.00,1005.00 264.00x83.00)	caps=(-79.50,1032.50 209.00x28.00)	capsW=209.00	dxCenter=-838.20	dxLeft=-838.20	dyTop_caretBottom=473.50	dyBottom_caretTop=517.50
NOTIF	id=com.apple.keylayout.French	name=French	lang=fr	CAPSULE	obs	font=13.0	caretCG=(863.20,543.00 0.00x16.00)	hud=(-17.00,1008.00 84.00x77.00)	caps=(10.50,1035.50 29.00x22.00)	capsW=29.00	dxCenter=-838.20	dxLeft=-838.20	dyTop_caretBottom=476.50	dyBottom_caretTop=514.50
NOTIF	id=com.apple.keylayout.French	name=French	lang=fr	SELECTEUR	obs	font=13.0	caretCG=(863.20,543.00 0.00x16.00)	hud=(-107.00,1005.00 264.00x83.00)	caps=(-79.50,1032.50 209.00x28.00)	capsW=209.00	dxCenter=-838.20	dxLeft=-838.20	dyTop_caretBottom=473.50	dyBottom_caretTop=517.50
NOTIF	id=com.apple.keylayout.French	name=French	lang=fr	CAPSULE	obs	font=13.0	caretCG=(863.20,543.00 0.00x16.00)	hud=(-17.00,1008.00 84.00x77.00)	caps=(10.50,1035.50 29.00x22.00)	capsW=29.00	dxCenter=-838.20	dxLeft=-838.20	dyTop_caretBottom=476.50	dyBottom_caretTop=514.50
NOTIF	id=com.apple.keylayout.French	name=French	lang=fr	SELECTEUR	obs	font=13.0	caretCG=(863.20,543.00 0.00x16.00)	hud=(-107.00,1005.00 264.00x83.00)	caps=(-79.50,1032.50 209.00x28.00)	capsW=209.00	dxCenter=-838.20	dxLeft=-838.20	dyTop_caretBottom=473.50	dyBottom_caretTop=517.50
NOTIF	id=com.apple.keylayout.US	name=U.S.	lang=en	CAPSULE	obs	font=13.0	caretCG=(863.20,543.00 0.00x16.00)	hud=(821.00,536.00 84.00x77.00)	caps=(848.50,563.50 29.00x22.00)	capsW=29.00	dxCenter=-0.20	dxLeft=-0.20	dyTop_caretBottom=4.50	dyBottom_caretTop=42.50
NOTIF	id=com.apple.keylayout.US	name=U.S.	lang=en	SELECTEUR	obs	font=13.0	caretCG=(863.20,543.00 0.00x16.00)	hud=(731.00,533.00 264.00x83.00)	caps=(758.50,560.50 209.00x28.00)	capsW=209.00	dxCenter=-0.20	dxLeft=-0.20	dyTop_caretBottom=1.50	dyBottom_caretTop=45.50
NOTIF	id=com.apple.keylayout.French	name=French	lang=fr	CAPSULE	obs	font=13.0	caretCG=(863.20,543.00 0.00x16.00)	hud=(821.00,536.00 84.00x77.00)	caps=(848.50,563.50 29.00x22.00)	capsW=29.00	dxCenter=-0.20	dxLeft=-0.20	dyTop_caretBottom=4.50	dyBottom_caretTop=42.50
NOTIF	id=com.apple.keylayout.French	name=French	lang=fr	SELECTEUR	obs	font=13.0	caretCG=(863.20,543.00 0.00x16.00)	hud=(731.00,533.00 264.00x83.00)	caps=(758.50,560.50 209.00x28.00)	capsW=209.00	dxCenter=-0.20	dxLeft=-0.20	dyTop_caretBottom=1.50	dyBottom_caretTop=45.50
NOTIF	id=com.apple.keylayout.Persian-ISIRI2901	name=Persian – Standard	lang=fa	SELECTEUR	obs	font=13.0	caretCG=(863.20,543.00 0.00x16.00)	hud=(731.00,533.00 264.00x83.00)	caps=(758.50,560.50 209.00x28.00)	capsW=209.00	dxCenter=-0.20	dxLeft=-0.20	dyTop_caretBottom=1.50	dyBottom_caretTop=45.50
NOTIF	id=com.apple.inputmethod.SCIM.WBH	name=Stroke – Simplified	lang=zh-Hans	SELECTEUR	obs	font=13.0	caretCG=(863.20,543.00 0.00x16.00)	hud=(731.00,533.00 264.00x83.00)	caps=(758.50,560.50 209.00x28.00)	capsW=209.00	dxCenter=-0.20	dxLeft=-0.20	dyTop_caretBottom=1.50	dyBottom_caretTop=45.50
NOTIF	id=com.apple.inputmethod.SCIM.WBH	name=Stroke – Simplified	lang=zh-Hans	SELECTEUR	obs	font=13.0	caretCG=(863.20,543.00 0.00x16.00)	hud=(731.00,533.00 264.00x83.00)	caps=(758.50,560.50 209.00x28.00)	capsW=209.00	dxCenter=-0.20	dxLeft=-0.20	dyTop_caretBottom=1.50	dyBottom_caretTop=45.50
NOTIF	id=com.apple.keylayout.US	name=U.S.	lang=en	SELECTEUR	obs	font=13.0	caretCG=(863.20,543.00 0.00x16.00)	hud=(731.00,533.00 264.00x83.00)	caps=(758.50,560.50 209.00x28.00)	capsW=209.00	dxCenter=-0.20	dxLeft=-0.20	dyTop_caretBottom=1.50	dyBottom_caretTop=45.50
NOTIF	id=com.apple.keylayout.US	name=U.S.	lang=en	SELECTEUR	obs	font=13.0	caretCG=(863.20,543.00 0.00x16.00)	hud=(731.00,533.00 264.00x83.00)	caps=(758.50,560.50 209.00x28.00)	capsW=209.00	dxCenter=-0.20	dxLeft=-0.20	dyTop_caretBottom=1.50	dyBottom_caretTop=45.50
NOTIF	id=com.apple.keylayout.French	name=French	lang=fr	SELECTEUR	obs	font=13.0	caretCG=(863.20,543.00 0.00x16.00)	hud=(731.00,533.00 264.00x83.00)	caps=(758.50,560.50 209.00x28.00)	capsW=209.00	dxCenter=-0.20	dxLeft=-0.20	dyTop_caretBottom=1.50	dyBottom_caretTop=45.50
NOTIF	id=com.apple.keylayout.Persian-ISIRI2901	name=Persian – Standard	lang=fa	CAPSULE	obs	font=13.0	caretCG=(863.20,543.00 0.00x16.00)	hud=(821.00,536.00 84.00x77.00)	caps=(848.50,563.50 29.00x22.00)	capsW=29.00	dxCenter=-0.20	dxLeft=-0.20	dyTop_caretBottom=4.50	dyBottom_caretTop=42.50
NOTIF	id=com.apple.keylayout.Persian-ISIRI2901	name=Persian – Standard	lang=fa	SELECTEUR	obs	font=13.0	caretCG=(863.20,543.00 0.00x16.00)	hud=(731.00,533.00 264.00x83.00)	caps=(758.50,560.50 209.00x28.00)	capsW=209.00	dxCenter=-0.20	dxLeft=-0.20	dyTop_caretBottom=1.50	dyBottom_caretTop=45.50
NOTIF	id=com.apple.inputmethod.SCIM.WBH	name=Stroke – Simplified	lang=zh-Hans	CAPSULE	obs	font=13.0	caretCG=(863.20,543.00 0.00x16.00)	hud=(821.00,536.00 84.00x77.00)	caps=(848.50,563.50 29.00x22.00)	capsW=29.00	dxCenter=-0.20	dxLeft=-0.20	dyTop_caretBottom=4.50	dyBottom_caretTop=42.50
NOTIF	id=com.apple.inputmethod.SCIM.WBH	name=Stroke – Simplified	lang=zh-Hans	SELECTEUR	obs	font=13.0	caretCG=(863.20,543.00 0.00x16.00)	hud=(731.00,533.00 264.00x83.00)	caps=(758.50,560.50 209.00x28.00)	capsW=209.00	dxCenter=-0.20	dxLeft=-0.20	dyTop_caretBottom=1.50	dyBottom_caretTop=45.50
NOTIF	id=com.apple.inputmethod.SCIM.WBH	name=Stroke – Simplified	lang=zh-Hans	CAPSULE	obs	font=13.0	caretCG=(863.20,543.00 0.00x16.00)	hud=(821.00,536.00 84.00x77.00)	caps=(848.50,563.50 29.00x22.00)	capsW=29.00	dxCenter=-0.20	dxLeft=-0.20	dyTop_caretBottom=4.50	dyBottom_caretTop=42.50
NOTIF	id=com.apple.inputmethod.SCIM.WBH	name=Stroke – Simplified	lang=zh-Hans	SELECTEUR	obs	font=13.0	caretCG=(863.20,543.00 0.00x16.00)	hud=(731.00,533.00 264.00x83.00)	caps=(758.50,560.50 209.00x28.00)	capsW=209.00	dxCenter=-0.20	dxLeft=-0.20	dyTop_caretBottom=1.50	dyBottom_caretTop=45.50
NOTIF	id=com.apple.keylayout.Persian-ISIRI2901	name=Persian – Standard	lang=fa	CAPSULE	obs	font=13.0	caretCG=(863.20,543.00 0.00x16.00)	hud=(821.00,536.00 84.00x77.00)	caps=(848.50,563.50 29.00x22.00)	capsW=29.00	dxCenter=-0.20	dxLeft=-0.20	dyTop_caretBottom=4.50	dyBottom_caretTop=42.50
NOTIF	id=com.apple.keylayout.Persian-ISIRI2901	name=Persian – Standard	lang=fa	SELECTEUR	obs	font=13.0	caretCG=(863.20,543.00 0.00x16.00)	hud=(731.00,533.00 264.00x83.00)	caps=(758.50,560.50 209.00x28.00)	capsW=209.00	dxCenter=-0.20	dxLeft=-0.20	dyTop_caretBottom=1.50	dyBottom_caretTop=45.50
NOTIF	id=com.apple.keylayout.Persian-ISIRI2901	name=Persian – Standard	lang=fa	CAPSULE	obs	font=13.0	caretCG=(863.20,543.00 0.00x16.00)	hud=(821.00,536.00 84.00x77.00)	caps=(848.50,563.50 29.00x22.00)	capsW=29.00	dxCenter=-0.20	dxLeft=-0.20	dyTop_caretBottom=4.50	dyBottom_caretTop=42.50
NOTIF	id=com.apple.keylayout.Persian-ISIRI2901	name=Persian – Standard	lang=fa	SELECTEUR	obs	font=13.0	caretCG=(863.20,543.00 0.00x16.00)	hud=(731.00,533.00 264.00x83.00)	caps=(758.50,560.50 209.00x28.00)	capsW=209.00	dxCenter=-0.20	dxLeft=-0.20	dyTop_caretBottom=1.50	dyBottom_caretTop=45.50
NOTIF	id=com.apple.inputmethod.SCIM.WBH	name=Stroke – Simplified	lang=zh-Hans	CAPSULE	obs	font=13.0	caretCG=(863.20,543.00 0.00x16.00)	hud=(821.00,536.00 84.00x77.00)	caps=(848.50,563.50 29.00x22.00)	capsW=29.00	dxCenter=-0.20	dxLeft=-0.20	dyTop_caretBottom=4.50	dyBottom_caretTop=42.50
NOTIF	id=com.apple.inputmethod.SCIM.WBH	name=Stroke – Simplified	lang=zh-Hans	SELECTEUR	obs	font=13.0	caretCG=(863.20,543.00 0.00x16.00)	hud=(731.00,533.00 264.00x83.00)	caps=(758.50,560.50 209.00x28.00)	capsW=209.00	dxCenter=-0.20	dxLeft=-0.20	dyTop_caretBottom=1.50	dyBottom_caretTop=45.50
NOTIF	id=com.apple.inputmethod.SCIM.WBH	name=Stroke – Simplified	lang=zh-Hans	CAPSULE	obs	font=13.0	caretCG=(863.20,543.00 0.00x16.00)	hud=(821.00,536.00 84.00x77.00)	caps=(848.50,563.50 29.00x22.00)	capsW=29.00	dxCenter=-0.20	dxLeft=-0.20	dyTop_caretBottom=4.50	dyBottom_caretTop=42.50
NOTIF	id=com.apple.inputmethod.SCIM.WBH	name=Stroke – Simplified	lang=zh-Hans	SELECTEUR	obs	font=13.0	caretCG=(863.20,543.00 0.00x16.00)	hud=(731.00,533.00 264.00x83.00)	caps=(758.50,560.50 209.00x28.00)	capsW=209.00	dxCenter=-0.20	dxLeft=-0.20	dyTop_caretBottom=1.50	dyBottom_caretTop=45.50
NOTIF	id=com.apple.keylayout.Persian-ISIRI2901	name=Persian – Standard	lang=fa	SELECTEUR	obs	font=13.0	caretCG=(863.20,543.00 0.00x16.00)	hud=(731.00,533.00 264.00x83.00)	caps=(758.50,560.50 209.00x28.00)	capsW=209.00	dxCenter=-0.20	dxLeft=-0.20	dyTop_caretBottom=1.50	dyBottom_caretTop=45.50
NOTIF	id=com.apple.keylayout.Persian-ISIRI2901	name=Persian – Standard	lang=fa	SELECTEUR	obs	font=13.0	caretCG=(863.20,543.00 0.00x16.00)	hud=(731.00,533.00 264.00x83.00)	caps=(758.50,560.50 209.00x28.00)	capsW=209.00	dxCenter=-0.20	dxLeft=-0.20	dyTop_caretBottom=1.50	dyBottom_caretTop=45.50
NOTIF	id=com.apple.keylayout.French	name=French	lang=fr	SELECTEUR	obs	font=13.0	caretCG=(863.20,543.00 0.00x16.00)	hud=(731.00,533.00 264.00x83.00)	caps=(758.50,560.50 209.00x28.00)	capsW=209.00	dxCenter=-0.20	dxLeft=-0.20	dyTop_caretBottom=1.50	dyBottom_caretTop=45.50
NOTIF	id=com.apple.keylayout.US	name=U.S.	lang=en	CAPSULE	obs	font=13.0	caretCG=(863.20,543.00 0.00x16.00)	hud=(821.00,536.00 84.00x77.00)	caps=(848.50,563.50 29.00x22.00)	capsW=29.00	dxCenter=-0.20	dxLeft=-0.20	dyTop_caretBottom=4.50	dyBottom_caretTop=42.50
NOTIF	id=com.apple.keylayout.US	name=U.S.	lang=en	SELECTEUR	obs	font=13.0	caretCG=(863.20,543.00 0.00x16.00)	hud=(731.00,533.00 264.00x83.00)	caps=(758.50,560.50 209.00x28.00)	capsW=209.00	dxCenter=-0.20	dxLeft=-0.20	dyTop_caretBottom=1.50	dyBottom_caretTop=45.50
NOTIF	id=com.apple.inputmethod.SCIM.WBH	name=Stroke – Simplified	lang=zh-Hans	CAPSULE	obs	font=13.0	caretCG=(863.20,543.00 0.00x16.00)	hud=(821.00,536.00 84.00x77.00)	caps=(848.50,563.50 29.00x22.00)	capsW=29.00	dxCenter=-0.20	dxLeft=-0.20	dyTop_caretBottom=4.50	dyBottom_caretTop=42.50
NOTIF	id=com.apple.inputmethod.SCIM.WBH	name=Stroke – Simplified	lang=zh-Hans	SELECTEUR	obs	font=13.0	caretCG=(863.20,543.00 0.00x16.00)	hud=(731.00,533.00 264.00x83.00)	caps=(758.50,560.50 209.00x28.00)	capsW=209.00	dxCenter=-0.20	dxLeft=-0.20	dyTop_caretBottom=1.50	dyBottom_caretTop=45.50
NOTIF	id=com.apple.inputmethod.SCIM.WBH	name=Stroke – Simplified	lang=zh-Hans	CAPSULE	obs	font=13.0	caretCG=(863.20,543.00 0.00x16.00)	hud=(821.00,536.00 84.00x77.00)	caps=(848.50,563.50 29.00x22.00)	capsW=29.00	dxCenter=-0.20	dxLeft=-0.20	dyTop_caretBottom=4.50	dyBottom_caretTop=42.50
NOTIF	id=com.apple.inputmethod.SCIM.WBH	name=Stroke – Simplified	lang=zh-Hans	SELECTEUR	obs	font=13.0	caretCG=(863.20,543.00 0.00x16.00)	hud=(731.00,533.00 264.00x83.00)	caps=(758.50,560.50 209.00x28.00)	capsW=209.00	dxCenter=-0.20	dxLeft=-0.20	dyTop_caretBottom=1.50	dyBottom_caretTop=45.50
NOTIF	id=com.apple.keylayout.US	name=U.S.	lang=en	CAPSULE	obs	font=13.0	caretCG=(863.20,543.00 0.00x16.00)	hud=(821.00,536.00 84.00x77.00)	caps=(848.50,563.50 29.00x22.00)	capsW=29.00	dxCenter=-0.20	dxLeft=-0.20	dyTop_caretBottom=4.50	dyBottom_caretTop=42.50
NOTIF	id=com.apple.keylayout.US	name=U.S.	lang=en	SELECTEUR	obs	font=13.0	caretCG=(863.20,543.00 0.00x16.00)	hud=(731.00,533.00 264.00x83.00)	caps=(758.50,560.50 209.00x28.00)	capsW=209.00	dxCenter=-0.20	dxLeft=-0.20	dyTop_caretBottom=1.50	dyBottom_caretTop=45.50
NOTIF	id=com.apple.keylayout.US	name=U.S.	lang=en	CAPSULE	obs	font=13.0	caretCG=(863.20,543.00 0.00x16.00)	hud=(821.00,536.00 84.00x77.00)	caps=(848.50,563.50 29.00x22.00)	capsW=29.00	dxCenter=-0.20	dxLeft=-0.20	dyTop_caretBottom=4.50	dyBottom_caretTop=42.50
NOTIF	id=com.apple.keylayout.US	name=U.S.	lang=en	SELECTEUR	obs	font=13.0	caretCG=(863.20,543.00 0.00x16.00)	hud=(731.00,533.00 264.00x83.00)	caps=(758.50,560.50 209.00x28.00)	capsW=209.00	dxCenter=-0.20	dxLeft=-0.20	dyTop_caretBottom=1.50	dyBottom_caretTop=45.50
NOTIF	id=com.apple.inputmethod.SCIM.WBH	name=Stroke – Simplified	lang=zh-Hans	CAPSULE	obs	font=13.0	caretCG=(863.20,543.00 0.00x16.00)	hud=(821.00,536.00 84.00x77.00)	caps=(848.50,563.50 29.00x22.00)	capsW=29.00	dxCenter=-0.20	dxLeft=-0.20	dyTop_caretBottom=4.50	dyBottom_caretTop=42.50
NOTIF	id=com.apple.inputmethod.SCIM.WBH	name=Stroke – Simplified	lang=zh-Hans	SELECTEUR	obs	font=13.0	caretCG=(863.20,543.00 0.00x16.00)	hud=(731.00,533.00 264.00x83.00)	caps=(758.50,560.50 209.00x28.00)	capsW=209.00	dxCenter=-0.20	dxLeft=-0.20	dyTop_caretBottom=1.50	dyBottom_caretTop=45.50
NOTIF	id=com.apple.inputmethod.SCIM.WBH	name=Stroke – Simplified	lang=zh-Hans	CAPSULE	obs	font=13.0	caretCG=(863.20,543.00 0.00x16.00)	hud=(821.00,536.00 84.00x77.00)	caps=(848.50,563.50 29.00x22.00)	capsW=29.00	dxCenter=-0.20	dxLeft=-0.20	dyTop_caretBottom=4.50	dyBottom_caretTop=42.50
NOTIF	id=com.apple.inputmethod.SCIM.WBH	name=Stroke – Simplified	lang=zh-Hans	SELECTEUR	obs	font=13.0	caretCG=(863.20,543.00 0.00x16.00)	hud=(731.00,533.00 264.00x83.00)	caps=(758.50,560.50 209.00x28.00)	capsW=209.00	dxCenter=-0.20	dxLeft=-0.20	dyTop_caretBottom=1.50	dyBottom_caretTop=45.50
NOTIF	id=com.apple.keylayout.French	name=French	lang=fr	CAPSULE	obs	font=13.0	caretCG=(863.20,543.00 0.00x16.00)	hud=(821.00,536.00 84.00x77.00)	caps=(848.50,563.50 29.00x22.00)	capsW=29.00	dxCenter=-0.20	dxLeft=-0.20	dyTop_caretBottom=4.50	dyBottom_caretTop=42.50
NOTIF	id=com.apple.keylayout.French	name=French	lang=fr	CAPSULE	obs	font=13.0	caretCG=(863.20,543.00 0.00x16.00)	hud=(821.00,536.00 84.00x77.00)	caps=(848.50,563.50 29.00x22.00)	capsW=29.00	dxCenter=-0.20	dxLeft=-0.20	dyTop_caretBottom=4.50	dyBottom_caretTop=42.50
NOTIF	id=com.apple.keylayout.French	name=French	lang=fr	SELECTEUR	obs	font=13.0	caretCG=(863.20,543.00 0.00x16.00)	hud=(731.00,533.00 264.00x83.00)	caps=(758.50,560.50 209.00x28.00)	capsW=209.00	dxCenter=-0.20	dxLeft=-0.20	dyTop_caretBottom=1.50	dyBottom_caretTop=45.50
NOTIF	id=com.apple.keylayout.French	name=French	lang=fr	SELECTEUR	obs	font=13.0	caretCG=(863.20,543.00 0.00x16.00)	hud=(731.00,533.00 264.00x83.00)	caps=(758.50,560.50 209.00x28.00)	capsW=209.00	dxCenter=-0.20	dxLeft=-0.20	dyTop_caretBottom=1.50	dyBottom_caretTop=45.50
NOTIF	id=com.apple.inputmethod.SCIM.WBH	name=Stroke – Simplified	lang=zh-Hans	NO_HUD
NOTIF	id=com.apple.inputmethod.SCIM.WBH	name=Stroke – Simplified	lang=zh-Hans	NO_HUD
NOTIF	id=com.apple.keylayout.US	name=U.S.	lang=en	NO_HUD
NOTIF	id=com.apple.keylayout.US	name=U.S.	lang=en	NO_HUD
NOTIF	id=com.apple.inputmethod.SCIM.WBH	name=Stroke – Simplified	lang=zh-Hans	SELECTEUR	obs	font=13.0	caretCG=(863.20,543.00 0.00x16.00)	hud=(966.00,-615.00 264.00x83.00)	caps=(993.50,-587.50 209.00x28.00)	capsW=209.00	dxCenter=234.80	dxLeft=234.80	dyTop_caretBottom=-1146.50	dyBottom_caretTop=-1102.50
NOTIF	id=com.apple.inputmethod.SCIM.WBH	name=Stroke – Simplified	lang=zh-Hans	SELECTEUR	obs	font=13.0	caretCG=(863.20,543.00 0.00x16.00)	hud=(966.00,-615.00 264.00x83.00)	caps=(993.50,-587.50 209.00x28.00)	capsW=209.00	dxCenter=234.80	dxLeft=234.80	dyTop_caretBottom=-1146.50	dyBottom_caretTop=-1102.50
NOTIF	id=com.apple.keylayout.French	name=French	lang=fr	CAPSULE	obs	font=13.0	caretCG=(863.20,543.00 0.00x16.00)	hud=(1056.00,-612.00 84.00x77.00)	caps=(1083.50,-584.50 29.00x22.00)	capsW=29.00	dxCenter=234.80	dxLeft=234.80	dyTop_caretBottom=-1143.50	dyBottom_caretTop=-1105.50
NOTIF	id=com.apple.keylayout.French	name=French	lang=fr	SELECTEUR	obs	font=13.0	caretCG=(863.20,543.00 0.00x16.00)	hud=(966.00,-615.00 264.00x83.00)	caps=(993.50,-587.50 209.00x28.00)	capsW=209.00	dxCenter=234.80	dxLeft=234.80	dyTop_caretBottom=-1146.50	dyBottom_caretTop=-1102.50
NOTIF	id=com.apple.keylayout.French	name=French	lang=fr	CAPSULE	obs	font=13.0	caretCG=(863.20,543.00 0.00x16.00)	hud=(1056.00,-612.00 84.00x77.00)	caps=(1083.50,-584.50 29.00x22.00)	capsW=29.00	dxCenter=234.80	dxLeft=234.80	dyTop_caretBottom=-1143.50	dyBottom_caretTop=-1105.50
NOTIF	id=com.apple.keylayout.French	name=French	lang=fr	SELECTEUR	obs	font=13.0	caretCG=(863.20,543.00 0.00x16.00)	hud=(966.00,-615.00 264.00x83.00)	caps=(993.50,-587.50 209.00x28.00)	capsW=209.00	dxCenter=234.80	dxLeft=234.80	dyTop_caretBottom=-1146.50	dyBottom_caretTop=-1102.50
NOTIF	id=com.apple.inputmethod.SCIM.WBH	name=Stroke – Simplified	lang=zh-Hans	CAPSULE	obs	font=13.0	caretCG=(863.20,543.00 0.00x16.00)	hud=(821.00,536.00 84.00x77.00)	caps=(848.50,563.50 29.00x22.00)	capsW=29.00	dxCenter=-0.20	dxLeft=-0.20	dyTop_caretBottom=4.50	dyBottom_caretTop=42.50
NOTIF	id=com.apple.inputmethod.SCIM.WBH	name=Stroke – Simplified	lang=zh-Hans	SELECTEUR	obs	font=13.0	caretCG=(863.20,543.00 0.00x16.00)	hud=(731.00,533.00 264.00x83.00)	caps=(758.50,560.50 209.00x28.00)	capsW=209.00	dxCenter=-0.20	dxLeft=-0.20	dyTop_caretBottom=1.50	dyBottom_caretTop=45.50
NOTIF	id=com.apple.inputmethod.SCIM.WBH	name=Stroke – Simplified	lang=zh-Hans	CAPSULE	obs	font=13.0	caretCG=(863.20,543.00 0.00x16.00)	hud=(821.00,536.00 84.00x77.00)	caps=(848.50,563.50 29.00x22.00)	capsW=29.00	dxCenter=-0.20	dxLeft=-0.20	dyTop_caretBottom=4.50	dyBottom_caretTop=42.50
NOTIF	id=com.apple.inputmethod.SCIM.WBH	name=Stroke – Simplified	lang=zh-Hans	SELECTEUR	obs	font=13.0	caretCG=(863.20,543.00 0.00x16.00)	hud=(731.00,533.00 264.00x83.00)	caps=(758.50,560.50 209.00x28.00)	capsW=209.00	dxCenter=-0.20	dxLeft=-0.20	dyTop_caretBottom=1.50	dyBottom_caretTop=45.50
NOTIF	id=com.apple.keylayout.French	name=French	lang=fr	CAPSULE	obs	font=13.0	caretCG=(863.20,543.00 0.00x16.00)	hud=(821.00,536.00 84.00x77.00)	caps=(848.50,563.50 29.00x22.00)	capsW=29.00	dxCenter=-0.20	dxLeft=-0.20	dyTop_caretBottom=4.50	dyBottom_caretTop=42.50
NOTIF	id=com.apple.keylayout.French	name=French	lang=fr	SELECTEUR	obs	font=13.0	caretCG=(863.20,543.00 0.00x16.00)	hud=(731.00,533.00 264.00x83.00)	caps=(758.50,560.50 209.00x28.00)	capsW=209.00	dxCenter=-0.20	dxLeft=-0.20	dyTop_caretBottom=1.50	dyBottom_caretTop=45.50
NOTIF	id=com.apple.keylayout.French	name=French	lang=fr	CAPSULE	obs	font=13.0	caretCG=(863.20,543.00 0.00x16.00)	hud=(821.00,536.00 84.00x77.00)	caps=(848.50,563.50 29.00x22.00)	capsW=29.00	dxCenter=-0.20	dxLeft=-0.20	dyTop_caretBottom=4.50	dyBottom_caretTop=42.50
NOTIF	id=com.apple.keylayout.French	name=French	lang=fr	SELECTEUR	obs	font=13.0	caretCG=(863.20,543.00 0.00x16.00)	hud=(731.00,533.00 264.00x83.00)	caps=(758.50,560.50 209.00x28.00)	capsW=209.00	dxCenter=-0.20	dxLeft=-0.20	dyTop_caretBottom=1.50	dyBottom_caretTop=45.50
NOTIF	id=com.apple.inputmethod.SCIM.WBH	name=Stroke – Simplified	lang=zh-Hans	CAPSULE	obs	font=13.0	caretCG=(863.20,543.00 0.00x16.00)	hud=(821.00,536.00 84.00x77.00)	caps=(848.50,563.50 29.00x22.00)	capsW=29.00	dxCenter=-0.20	dxLeft=-0.20	dyTop_caretBottom=4.50	dyBottom_caretTop=42.50
NOTIF	id=com.apple.inputmethod.SCIM.WBH	name=Stroke – Simplified	lang=zh-Hans	SELECTEUR	obs	font=13.0	caretCG=(863.20,543.00 0.00x16.00)	hud=(731.00,533.00 264.00x83.00)	caps=(758.50,560.50 209.00x28.00)	capsW=209.00	dxCenter=-0.20	dxLeft=-0.20	dyTop_caretBottom=1.50	dyBottom_caretTop=45.50
NOTIF	id=com.apple.inputmethod.SCIM.WBH	name=Stroke – Simplified	lang=zh-Hans	CAPSULE	obs	font=13.0	caretCG=(863.20,543.00 0.00x16.00)	hud=(821.00,536.00 84.00x77.00)	caps=(848.50,563.50 29.00x22.00)	capsW=29.00	dxCenter=-0.20	dxLeft=-0.20	dyTop_caretBottom=4.50	dyBottom_caretTop=42.50
NOTIF	id=com.apple.inputmethod.SCIM.WBH	name=Stroke – Simplified	lang=zh-Hans	SELECTEUR	obs	font=13.0	caretCG=(863.20,543.00 0.00x16.00)	hud=(731.00,533.00 264.00x83.00)	caps=(758.50,560.50 209.00x28.00)	capsW=209.00	dxCenter=-0.20	dxLeft=-0.20	dyTop_caretBottom=1.50	dyBottom_caretTop=45.50
NOTIF	id=com.apple.keylayout.French	name=French	lang=fr	SELECTEUR	obs	font=13.0	caretCG=(863.20,543.00 0.00x16.00)	hud=(731.00,533.00 264.00x83.00)	caps=(758.50,560.50 209.00x28.00)	capsW=209.00	dxCenter=-0.20	dxLeft=-0.20	dyTop_caretBottom=1.50	dyBottom_caretTop=45.50
NOTIF	id=com.apple.keylayout.French	name=French	lang=fr	SELECTEUR	obs	font=13.0	caretCG=(863.20,543.00 0.00x16.00)	hud=(731.00,533.00 264.00x83.00)	caps=(758.50,560.50 209.00x28.00)	capsW=209.00	dxCenter=-0.20	dxLeft=-0.20	dyTop_caretBottom=1.50	dyBottom_caretTop=45.50
NOTIF	id=com.apple.keylayout.US	name=U.S.	lang=en	CAPSULE	obs	font=13.0	caretCG=(863.20,543.00 0.00x16.00)	hud=(821.00,536.00 84.00x77.00)	caps=(848.50,563.50 29.00x22.00)	capsW=29.00	dxCenter=-0.20	dxLeft=-0.20	dyTop_caretBottom=4.50	dyBottom_caretTop=42.50
NOTIF	id=com.apple.keylayout.US	name=U.S.	lang=en	SELECTEUR	obs	font=13.0	caretCG=(863.20,543.00 0.00x16.00)	hud=(731.00,533.00 264.00x83.00)	caps=(758.50,560.50 209.00x28.00)	capsW=209.00	dxCenter=-0.20	dxLeft=-0.20	dyTop_caretBottom=1.50	dyBottom_caretTop=45.50
NOTIF	id=com.apple.keylayout.French	name=French	lang=fr	CAPSULE	obs	font=13.0	caretCG=(863.20,543.00 0.00x16.00)	hud=(821.00,536.00 84.00x77.00)	caps=(848.50,563.50 29.00x22.00)	capsW=29.00	dxCenter=-0.20	dxLeft=-0.20	dyTop_caretBottom=4.50	dyBottom_caretTop=42.50
NOTIF	id=com.apple.keylayout.French	name=French	lang=fr	SELECTEUR	obs	font=13.0	caretCG=(863.20,543.00 0.00x16.00)	hud=(731.00,533.00 264.00x83.00)	caps=(758.50,560.50 209.00x28.00)	capsW=209.00	dxCenter=-0.20	dxLeft=-0.20	dyTop_caretBottom=1.50	dyBottom_caretTop=45.50
NOTIF	id=com.apple.keylayout.US	name=U.S.	lang=en	CAPSULE	obs	font=13.0	caretCG=(863.20,543.00 0.00x16.00)	hud=(821.00,536.00 84.00x77.00)	caps=(848.50,563.50 29.00x22.00)	capsW=29.00	dxCenter=-0.20	dxLeft=-0.20	dyTop_caretBottom=4.50	dyBottom_caretTop=42.50
NOTIF	id=com.apple.keylayout.US	name=U.S.	lang=en	SELECTEUR	obs	font=13.0	caretCG=(863.20,543.00 0.00x16.00)	hud=(731.00,533.00 264.00x83.00)	caps=(758.50,560.50 209.00x28.00)	capsW=209.00	dxCenter=-0.20	dxLeft=-0.20	dyTop_caretBottom=1.50	dyBottom_caretTop=45.50
NOTIF	id=com.apple.keylayout.French	name=French	lang=fr	CAPSULE	obs	font=13.0	caretCG=(863.20,543.00 0.00x16.00)	hud=(821.00,536.00 84.00x77.00)	caps=(848.50,563.50 29.00x22.00)	capsW=29.00	dxCenter=-0.20	dxLeft=-0.20	dyTop_caretBottom=4.50	dyBottom_caretTop=42.50
NOTIF	id=com.apple.keylayout.French	name=French	lang=fr	SELECTEUR	obs	font=13.0	caretCG=(863.20,543.00 0.00x16.00)	hud=(731.00,533.00 264.00x83.00)	caps=(758.50,560.50 209.00x28.00)	capsW=209.00	dxCenter=-0.20	dxLeft=-0.20	dyTop_caretBottom=1.50	dyBottom_caretTop=45.50
NOTIF	id=com.apple.keylayout.US	name=U.S.	lang=en	SELECTEUR	obs	font=13.0	caretCG=(863.20,543.00 0.00x16.00)	hud=(731.00,533.00 264.00x83.00)	caps=(758.50,560.50 209.00x28.00)	capsW=209.00	dxCenter=-0.20	dxLeft=-0.20	dyTop_caretBottom=1.50	dyBottom_caretTop=45.50
NOTIF	id=com.apple.inputmethod.SCIM.WBH	name=Stroke – Simplified	lang=zh-Hans	SELECTEUR	obs	font=13.0	caretCG=(863.20,543.00 0.00x16.00)	hud=(731.00,533.00 264.00x83.00)	caps=(758.50,560.50 209.00x28.00)	capsW=209.00	dxCenter=-0.20	dxLeft=-0.20	dyTop_caretBottom=1.50	dyBottom_caretTop=45.50
NOTIF	id=com.apple.inputmethod.SCIM.WBH	name=Stroke – Simplified	lang=zh-Hans	SELECTEUR	obs	font=13.0	caretCG=(863.20,543.00 0.00x16.00)	hud=(731.00,533.00 264.00x83.00)	caps=(758.50,560.50 209.00x28.00)	capsW=209.00	dxCenter=-0.20	dxLeft=-0.20	dyTop_caretBottom=1.50	dyBottom_caretTop=45.50
NOTIF	id=com.apple.keylayout.Persian-ISIRI2901	name=Persian – Standard	lang=fa	SELECTEUR	obs	font=13.0	caretCG=(863.20,543.00 0.00x16.00)	hud=(731.00,533.00 264.00x83.00)	caps=(758.50,560.50 209.00x28.00)	capsW=209.00	dxCenter=-0.20	dxLeft=-0.20	dyTop_caretBottom=1.50	dyBottom_caretTop=45.50
NOTIF	id=com.apple.keylayout.Persian-ISIRI2901	name=Persian – Standard	lang=fa	SELECTEUR	obs	font=13.0	caretCG=(863.20,543.00 0.00x16.00)	hud=(731.00,533.00 264.00x83.00)	caps=(758.50,560.50 209.00x28.00)	capsW=209.00	dxCenter=-0.20	dxLeft=-0.20	dyTop_caretBottom=1.50	dyBottom_caretTop=45.50
NOTIF	id=com.apple.keylayout.French	name=French	lang=fr	CAPSULE	obs	font=13.0	caretCG=(863.20,543.00 0.00x16.00)	hud=(821.00,536.00 84.00x77.00)	caps=(848.50,563.50 29.00x22.00)	capsW=29.00	dxCenter=-0.20	dxLeft=-0.20	dyTop_caretBottom=4.50	dyBottom_caretTop=42.50
NOTIF	id=com.apple.keylayout.French	name=French	lang=fr	SELECTEUR	obs	font=13.0	caretCG=(863.20,543.00 0.00x16.00)	hud=(731.00,533.00 264.00x83.00)	caps=(758.50,560.50 209.00x28.00)	capsW=209.00	dxCenter=-0.20	dxLeft=-0.20	dyTop_caretBottom=1.50	dyBottom_caretTop=45.50
