SCREEN frame=(0.0, 0.0, 1728.0, 1117.0) visible=(0.0, 0.0, 1728.0, 1084.0) backing=2.0
SCREENS ["(0.0, 0.0, 1728.0, 1117.0)@2.0"]
# écran AppKit (0.00,0.00 1728.00x1117.00)  visible (0.00,0.00 1728.00x1084.00)  scale 2.0
# source d'origine : com.apple.keylayout.French
D-arrx-0	font=13.0	caretCG=(413.00,635.00 0.00x16.00)	hud=(371.00,628.00 84.00x77.00)	caps=(398.50,655.50 29.00x22.00)	dxCenter=0.00	dxLeft=-14.50	dyTop_caretBottom=4.50	dyTop_caretTop=20.50	dyBottom_caretBottom=26.50
D-arrx-1	font=13.0	caretCG=(416.14,635.00 0.00x16.00)	hud=(374.00,628.00 84.00x77.00)	caps=(401.50,655.50 29.00x22.00)	dxCenter=-0.14	dxLeft=-14.64	dyTop_caretBottom=4.50	dyTop_caretTop=20.50	dyBottom_caretBottom=26.50
D-arrx-2	font=13.0	caretCG=(419.27,635.00 0.00x16.00)	hud=(377.00,628.00 84.00x77.00)	caps=(404.50,655.50 29.00x22.00)	dxCenter=-0.27	dxLeft=-14.77	dyTop_caretBottom=4.50	dyTop_caretTop=20.50	dyBottom_caretBottom=26.50
D-arrx-3	font=13.0	caretCG=(422.41,635.00 0.00x16.00)	hud=(381.00,628.00 84.00x77.00)	caps=(408.50,655.50 29.00x22.00)	dxCenter=0.59	dxLeft=-13.91	dyTop_caretBottom=4.50	dyTop_caretTop=20.50	dyBottom_caretBottom=26.50
D-arrx-4	font=13.0	caretCG=(425.54,635.00 0.00x16.00)	hud=(384.00,628.00 84.00x77.00)	caps=(411.50,655.50 29.00x22.00)	dxCenter=0.46	dxLeft=-14.04	dyTop_caretBottom=4.50	dyTop_caretTop=20.50	dyBottom_caretBottom=26.50
D-arrx-5	font=13.0	caretCG=(428.68,635.00 0.00x16.00)	hud=(387.00,628.00 84.00x77.00)	caps=(414.50,655.50 29.00x22.00)	dxCenter=0.32	dxLeft=-14.18	dyTop_caretBottom=4.50	dyTop_caretTop=20.50	dyBottom_caretBottom=26.50
D-arrx-6	font=13.0	caretCG=(431.81,635.00 0.00x16.00)	hud=(390.00,628.00 84.00x77.00)	caps=(417.50,655.50 29.00x22.00)	dxCenter=0.19	dxLeft=-14.31	dyTop_caretBottom=4.50	dyTop_caretTop=20.50	dyBottom_caretBottom=26.50
D-arrx-7	font=13.0	caretCG=(434.95,635.00 0.00x16.00)	hud=(393.00,628.00 84.00x77.00)	caps=(420.50,655.50 29.00x22.00)	dxCenter=0.05	dxLeft=-14.45	dyTop_caretBottom=4.50	dyTop_caretTop=20.50	dyBottom_caretBottom=26.50
D-arrx-8	font=13.0	caretCG=(438.09,635.00 0.00x16.00)	hud=(396.00,628.00 84.00x77.00)	caps=(423.50,655.50 29.00x22.00)	dxCenter=-0.09	dxLeft=-14.59	dyTop_caretBottom=4.50	dyTop_caretTop=20.50	dyBottom_caretBottom=26.50
D-arrx-9	font=13.0	caretCG=(441.22,635.00 0.00x16.00)	hud=(399.00,628.00 84.00x77.00)	caps=(426.50,655.50 29.00x22.00)	dxCenter=-0.22	dxLeft=-14.72	dyTop_caretBottom=4.50	dyTop_caretTop=20.50	dyBottom_caretBottom=26.50
D-arrx-10	font=13.0	caretCG=(444.36,635.00 0.00x16.00)	hud=(402.00,628.00 84.00x77.00)	caps=(429.50,655.50 29.00x22.00)	dxCenter=-0.36	dxLeft=-14.86	dyTop_caretBottom=4.50	dyTop_caretTop=20.50	dyBottom_caretBottom=26.50
D-arrx-11	font=13.0	caretCG=(447.49,635.00 0.00x16.00)	hud=(406.00,628.00 84.00x77.00)	caps=(433.50,655.50 29.00x22.00)	dxCenter=0.51	dxLeft=-13.99	dyTop_caretBottom=4.50	dyTop_caretTop=20.50	dyBottom_caretBottom=26.50
D-arrx-12	font=13.0	caretCG=(450.63,635.00 0.00x16.00)	hud=(409.00,628.00 84.00x77.00)	caps=(436.50,655.50 29.00x22.00)	dxCenter=0.37	dxLeft=-14.13	dyTop_caretBottom=4.50	dyTop_caretTop=20.50	dyBottom_caretBottom=26.50
D-arrx-13	font=13.0	caretCG=(453.76,635.00 0.00x16.00)	hud=(412.00,628.00 84.00x77.00)	caps=(439.50,655.50 29.00x22.00)	dxCenter=0.24	dxLeft=-14.26	dyTop_caretBottom=4.50	dyTop_caretTop=20.50	dyBottom_caretBottom=26.50
D-arry-13.0	font=13.0	caretCG=(699.20,501.00 0.00x16.00)	hud=(657.00,494.00 84.00x77.00)	caps=(684.50,521.50 29.00x22.00)	dxCenter=-0.20	dxLeft=-14.70	dyTop_caretBottom=4.50	dyTop_caretTop=20.50	dyBottom_caretBottom=26.50
D-arry-13.25	font=13.25	caretCG=(699.59,501.00 0.00x16.00)	hud=(658.00,494.00 84.00x77.00)	caps=(685.50,521.50 29.00x22.00)	dxCenter=0.41	dxLeft=-14.09	dyTop_caretBottom=4.50	dyTop_caretTop=20.50	dyBottom_caretBottom=26.50
D-arry-13.5	font=13.5	caretCG=(699.96,501.00 0.00x16.00)	hud=(658.00,494.00 84.00x77.00)	caps=(685.50,521.50 29.00x22.00)	dxCenter=0.04	dxLeft=-14.46	dyTop_caretBottom=4.50	dyTop_caretTop=20.50	dyBottom_caretBottom=26.50
D-arry-13.75	font=13.75	caretCG=(699.34,501.00 0.00x16.00)	hud=(657.00,494.00 84.00x77.00)	caps=(684.50,521.50 29.00x22.00)	dxCenter=-0.34	dxLeft=-14.84	dyTop_caretBottom=4.50	dyTop_caretTop=20.50	dyBottom_caretBottom=26.50
D-arry-14.0	font=14.0	caretCG=(699.71,500.00 0.00x17.00)	hud=(658.00,494.00 84.00x77.00)	caps=(685.50,521.50 29.00x22.00)	dxCenter=0.29	dxLeft=-14.21	dyTop_caretBottom=4.50	dyTop_caretTop=21.50	dyBottom_caretBottom=26.50
D-arry-14.25	font=14.25	caretCG=(700.09,500.00 0.00x17.00)	hud=(658.00,494.00 84.00x77.00)	caps=(685.50,521.50 29.00x22.00)	dxCenter=-0.09	dxLeft=-14.59	dyTop_caretBottom=4.50	dyTop_caretTop=21.50	dyBottom_caretBottom=26.50
D-arry-14.5	font=14.5	caretCG=(699.45,500.00 0.00x17.00)	hud=(658.00,494.00 84.00x77.00)	caps=(685.50,521.50 29.00x22.00)	dxCenter=0.55	dxLeft=-13.95	dyTop_caretBottom=4.50	dyTop_caretTop=21.50	dyBottom_caretBottom=26.50
D-arry-14.75	font=14.75	caretCG=(699.83,500.00 0.00x17.00)	hud=(658.00,494.00 84.00x77.00)	caps=(685.50,521.50 29.00x22.00)	dxCenter=0.17	dxLeft=-14.33	dyTop_caretBottom=4.50	dyTop_caretTop=21.50	dyBottom_caretBottom=26.50
D-arry-15.0	font=15.0	caretCG=(699.18,499.00 0.00x18.00)	hud=(657.00,494.00 84.00x77.00)	caps=(684.50,521.50 29.00x22.00)	dxCenter=-0.18	dxLeft=-14.68	dyTop_caretBottom=4.50	dyTop_caretTop=22.50	dyBottom_caretBottom=26.50
D-gauche-40	font=13.0	caretCG=(39.20,543.00 0.00x16.00)	hud=(-3.00,536.00 84.00x77.00)	caps=(24.50,563.50 29.00x22.00)	dxCenter=-0.20	dxLeft=-14.70	dyTop_caretBottom=4.50	dyTop_caretTop=20.50	dyBottom_caretBottom=26.50
D-gauche-30	font=13.0	caretCG=(29.20,543.00 0.00x16.00)	hud=(-13.00,536.00 84.00x77.00)	caps=(14.50,563.50 29.00x22.00)	dxCenter=-0.20	dxLeft=-14.70	dyTop_caretBottom=4.50	dyTop_caretTop=20.50	dyBottom_caretBottom=26.50
D-gauche-24	font=13.0	caretCG=(23.20,543.00 0.00x16.00)	hud=(-19.00,536.00 84.00x77.00)	caps=(8.50,563.50 29.00x22.00)	dxCenter=-0.20	dxLeft=-14.70	dyTop_caretBottom=4.50	dyTop_caretTop=20.50	dyBottom_caretBottom=26.50
D-gauche-20	font=13.0	caretCG=(19.20,543.00 0.00x16.00)	hud=(-23.00,536.00 84.00x77.00)	caps=(4.50,563.50 29.00x22.00)	dxCenter=-0.20	dxLeft=-14.70	dyTop_caretBottom=4.50	dyTop_caretTop=20.50	dyBottom_caretBottom=26.50
D-gauche-18	font=13.0	caretCG=(17.20,543.00 0.00x16.00)	hud=(-25.00,536.00 84.00x77.00)	caps=(2.50,563.50 29.00x22.00)	dxCenter=-0.20	dxLeft=-14.70	dyTop_caretBottom=4.50	dyTop_caretTop=20.50	dyBottom_caretBottom=26.50
D-gauche-16	font=13.0	caretCG=(15.20,543.00 0.00x16.00)	hud=(-25.00,536.00 84.00x77.00)	caps=(2.50,563.50 29.00x22.00)	dxCenter=1.80	dxLeft=-12.70	dyTop_caretBottom=4.50	dyTop_caretTop=20.50	dyBottom_caretBottom=26.50
D-gauche-14	font=13.0	caretCG=(13.20,543.00 0.00x16.00)	hud=(-25.00,536.00 84.00x77.00)	caps=(2.50,563.50 29.00x22.00)	dxCenter=3.80	dxLeft=-10.70	dyTop_caretBottom=4.50	dyTop_caretTop=20.50	dyBottom_caretBottom=26.50
D-gauche-12	font=13.0	caretCG=(11.20,543.00 0.00x16.00)	hud=(-25.00,536.00 84.00x77.00)	caps=(2.50,563.50 29.00x22.00)	dxCenter=5.80	dxLeft=-8.70	dyTop_caretBottom=4.50	dyTop_caretTop=20.50	dyBottom_caretBottom=26.50
D-gauche-8	font=13.0	caretCG=(7.20,543.00 0.00x16.00)	hud=(-25.00,536.00 84.00x77.00)	caps=(2.50,563.50 29.00x22.00)	dxCenter=9.80	dxLeft=-4.70	dyTop_caretBottom=4.50	dyTop_caretTop=20.50	dyBottom_caretBottom=26.50
D-gauche-4	font=13.0	caretCG=(3.20,543.00 0.00x16.00)	hud=(-25.00,536.00 84.00x77.00)	caps=(2.50,563.50 29.00x22.00)	dxCenter=13.80	dxLeft=-0.70	dyTop_caretBottom=4.50	dyTop_caretTop=20.50	dyBottom_caretBottom=26.50
D-gauche-0	font=13.0	caretCG=(-0.80,543.00 0.00x16.00)	hud=(-25.00,536.00 84.00x77.00)	caps=(2.50,563.50 29.00x22.00)	dxCenter=17.80	dxLeft=3.30	dyTop_caretBottom=4.50	dyTop_caretTop=20.50	dyBottom_caretBottom=26.50
D-bas-40	font=13.0	caretCG=(863.20,1061.00 0.00x16.00)	hud=(821.00,1054.00 84.00x77.00)	caps=(848.50,1081.50 29.00x22.00)	dxCenter=-0.20	dxLeft=-14.70	dyTop_caretBottom=4.50	dyTop_caretTop=20.50	dyBottom_caretBottom=26.50
D-bas-36	font=13.0	caretCG=(863.20,1065.00 0.00x16.00)	hud=(821.00,1058.00 84.00x77.00)	caps=(848.50,1085.50 29.00x22.00)	dxCenter=-0.20	dxLeft=-14.70	dyTop_caretBottom=4.50	dyTop_caretTop=20.50	dyBottom_caretBottom=26.50
D-bas-34	font=13.0	caretCG=(863.20,1067.00 0.00x16.00)	hud=(821.00,1060.00 84.00x77.00)	caps=(848.50,1087.50 29.00x22.00)	dxCenter=-0.20	dxLeft=-14.70	dyTop_caretBottom=4.50	dyTop_caretTop=20.50	dyBottom_caretBottom=26.50
D-bas-32	font=13.0	caretCG=(863.20,1069.00 0.00x16.00)	hud=(821.00,1062.00 84.00x77.00)	caps=(848.50,1089.50 29.00x22.00)	dxCenter=-0.20	dxLeft=-14.70	dyTop_caretBottom=4.50	dyTop_caretTop=20.50	dyBottom_caretBottom=26.50
D-bas-30	font=13.0	caretCG=(863.20,1071.00 0.00x16.00)	hud=(821.00,1064.00 84.00x77.00)	caps=(848.50,1091.50 29.00x22.00)	dxCenter=-0.20	dxLeft=-14.70	dyTop_caretBottom=4.50	dyTop_caretTop=20.50	dyBottom_caretBottom=26.50
D-bas-29	font=13.0	caretCG=(863.20,1072.00 0.00x16.00)	hud=(821.00,1065.00 84.00x77.00)	caps=(848.50,1092.50 29.00x22.00)	dxCenter=-0.20	dxLeft=-14.70	dyTop_caretBottom=4.50	dyTop_caretTop=20.50	dyBottom_caretBottom=26.50
D-bas-28	font=13.0	caretCG=(863.20,1073.00 0.00x16.00)	hud=(821.00,1019.00 84.00x77.00)	caps=(848.50,1046.50 29.00x22.00)	dxCenter=-0.20	dxLeft=-14.70	dyTop_caretBottom=-42.50	dyTop_caretTop=-26.50	dyBottom_caretBottom=-20.50
D-bas-27	font=13.0	caretCG=(863.20,1074.00 0.00x16.00)	hud=(821.00,1020.00 84.00x77.00)	caps=(848.50,1047.50 29.00x22.00)	dxCenter=-0.20	dxLeft=-14.70	dyTop_caretBottom=-42.50	dyTop_caretTop=-26.50	dyBottom_caretBottom=-20.50
D-bas-26	font=13.0	caretCG=(863.20,1075.00 0.00x16.00)	hud=(821.00,1021.00 84.00x77.00)	caps=(848.50,1048.50 29.00x22.00)	dxCenter=-0.20	dxLeft=-14.70	dyTop_caretBottom=-42.50	dyTop_caretTop=-26.50	dyBottom_caretBottom=-20.50
D-bas-24	font=13.0	caretCG=(863.20,1077.00 0.00x16.00)	hud=(821.00,1023.00 84.00x77.00)	caps=(848.50,1050.50 29.00x22.00)	dxCenter=-0.20	dxLeft=-14.70	dyTop_caretBottom=-42.50	dyTop_caretTop=-26.50	dyBottom_caretBottom=-20.50
# source restaurée : com.apple.keylayout.French
